<?xml version="1.0" encoding="ISO-8859-1" ?>
<link_info>
   <banner>TMS320C2000 Linker PC v22.6.1.LTS</banner>
   <copyright>Copyright (c) 1996-2018 Texas Instruments Incorporated</copyright>
   <link_time>0x66842921</link_time>
   <link_errors>0x0</link_errors>
   <output_file>PCMC_PSFB_F28004x.out</output_file>
   <entry_point>
      <name>code_start</name>
      <address>0x80000</address>
   </entry_point>
   <input_file_list>
      <input_file id="fl-2">
         <path>.\</path>
         <kind>object</kind>
         <file>psfbpcmc.obj</file>
         <name>psfbpcmc.obj</name>
      </input_file>
      <input_file id="fl-3">
         <path>.\</path>
         <kind>object</kind>
         <file>psfbpcmc_clatask.obj</file>
         <name>psfbpcmc_clatask.obj</name>
      </input_file>
      <input_file id="fl-4">
         <path>.\</path>
         <kind>object</kind>
         <file>psfbpcmc_hal.obj</file>
         <name>psfbpcmc_hal.obj</name>
      </input_file>
      <input_file id="fl-5">
         <path>.\</path>
         <kind>object</kind>
         <file>psfbpcmc_main.obj</file>
         <name>psfbpcmc_main.obj</name>
      </input_file>
      <input_file id="fl-6">
         <path>.\</path>
         <kind>object</kind>
         <file>sfra_gui_scicomms_driverlib.obj</file>
         <name>sfra_gui_scicomms_driverlib.obj</name>
      </input_file>
      <input_file id="fl-7">
         <path>.\device\</path>
         <kind>object</kind>
         <file>device.obj</file>
         <name>device.obj</name>
      </input_file>
      <input_file id="fl-8">
         <path>.\device\</path>
         <kind>object</kind>
         <file>f28004x_codestartbranch.obj</file>
         <name>f28004x_codestartbranch.obj</name>
      </input_file>
      <input_file id="fl-9">
         <path>.\libraries\DCL\</path>
         <kind>object</kind>
         <file>DCL_DF22_C1.obj</file>
         <name>DCL_DF22_C1.obj</name>
      </input_file>
      <input_file id="fl-a">
         <path>.\libraries\DCL\</path>
         <kind>object</kind>
         <file>DCL_DF22_C2C3.obj</file>
         <name>DCL_DF22_C2C3.obj</name>
      </input_file>
      <input_file id="fl-b">
         <path>.\libraries\DCL\</path>
         <kind>object</kind>
         <file>DCL_DF22_L2L3.obj</file>
         <name>DCL_DF22_L2L3.obj</name>
      </input_file>
      <input_file id="fl-c">
         <path>.\libraries\DCL\</path>
         <kind>object</kind>
         <file>DCL_PI_C1.obj</file>
         <name>DCL_PI_C1.obj</name>
      </input_file>
      <input_file id="fl-d">
         <path>.\libraries\DCL\</path>
         <kind>object</kind>
         <file>DCL_PI_C4.obj</file>
         <name>DCL_PI_C4.obj</name>
      </input_file>
      <input_file id="fl-e">
         <path>.\libraries\DCL\</path>
         <kind>object</kind>
         <file>DCL_clamp_C1.obj</file>
         <name>DCL_clamp_C1.obj</name>
      </input_file>
      <input_file id="fl-f">
         <path>.\libraries\DCL\</path>
         <kind>object</kind>
         <file>DCL_clamp_L1.obj</file>
         <name>DCL_clamp_L1.obj</name>
      </input_file>
      <input_file id="fl-1e">
         <kind>object</kind>
         <file>&lt;internal&gt;</file>
         <name>&lt;internal&gt;</name>
      </input_file>
      <input_file id="fl-1f">
         <path>C:\Users\Lenovo\workspace_v13\PCMC_PSFB_F28004x\libraries\sfra\</path>
         <kind>archive</kind>
         <file>sfra_f32_tmu_eabi.lib</file>
         <name>sfra_f32_tmu_background.obj</name>
      </input_file>
      <input_file id="fl-20">
         <path>C:\Users\Lenovo\workspace_v13\PCMC_PSFB_F28004x\libraries\sfra\</path>
         <kind>archive</kind>
         <file>sfra_f32_tmu_eabi.lib</file>
         <name>sfra_f32_tmu_collect.obj</name>
      </input_file>
      <input_file id="fl-21">
         <path>C:\Users\Lenovo\workspace_v13\PCMC_PSFB_F28004x\libraries\sfra\</path>
         <kind>archive</kind>
         <file>sfra_f32_tmu_eabi.lib</file>
         <name>sfra_f32_tmu_config_reset.obj</name>
      </input_file>
      <input_file id="fl-22">
         <path>C:\Users\Lenovo\workspace_v13\PCMC_PSFB_F28004x\libraries\sfra\</path>
         <kind>archive</kind>
         <file>sfra_f32_tmu_eabi.lib</file>
         <name>sfra_f32_tmu_inject.obj</name>
      </input_file>
      <input_file id="fl-23">
         <path>..\device\driverlib\</path>
         <kind>archive</kind>
         <file>driverlib_eabi.lib</file>
         <name>adc.obj</name>
      </input_file>
      <input_file id="fl-24">
         <path>..\device\driverlib\</path>
         <kind>archive</kind>
         <file>driverlib_eabi.lib</file>
         <name>cmpss.obj</name>
      </input_file>
      <input_file id="fl-25">
         <path>..\device\driverlib\</path>
         <kind>archive</kind>
         <file>driverlib_eabi.lib</file>
         <name>cputimer.obj</name>
      </input_file>
      <input_file id="fl-26">
         <path>..\device\driverlib\</path>
         <kind>archive</kind>
         <file>driverlib_eabi.lib</file>
         <name>flash.obj</name>
      </input_file>
      <input_file id="fl-27">
         <path>..\device\driverlib\</path>
         <kind>archive</kind>
         <file>driverlib_eabi.lib</file>
         <name>gpio.obj</name>
      </input_file>
      <input_file id="fl-28">
         <path>..\device\driverlib\</path>
         <kind>archive</kind>
         <file>driverlib_eabi.lib</file>
         <name>interrupt.obj</name>
      </input_file>
      <input_file id="fl-29">
         <path>..\device\driverlib\</path>
         <kind>archive</kind>
         <file>driverlib_eabi.lib</file>
         <name>sci.obj</name>
      </input_file>
      <input_file id="fl-2a">
         <path>..\device\driverlib\</path>
         <kind>archive</kind>
         <file>driverlib_eabi.lib</file>
         <name>sysctl.obj</name>
      </input_file>
      <input_file id="fl-2b">
         <path>..\device\driverlib\</path>
         <kind>archive</kind>
         <file>driverlib_eabi.lib</file>
         <name>xbar.obj</name>
      </input_file>
      <input_file id="fl-2c">
         <path>..\libraries\FPUfastRTS\</path>
         <kind>archive</kind>
         <file>rts2800_fpu32_fast_supplement_eabi.lib</file>
         <name>div_f32.obj</name>
      </input_file>
      <input_file id="fl-2d">
         <path>..\libraries\FPUfastRTS\</path>
         <kind>archive</kind>
         <file>rts2800_fpu32_fast_supplement_eabi.lib</file>
         <name>log_f32.obj</name>
      </input_file>
      <input_file id="fl-2e">
         <path>..\libraries\FPUfastRTS\</path>
         <kind>archive</kind>
         <file>rts2800_fpu32_fast_supplement_eabi.lib</file>
         <name>logtable_f32.obj</name>
      </input_file>
      <input_file id="fl-3a">
         <path>C:\ti\ccs1260\ccs\tools\compiler\ti-cgt-c2000_22.6.1.LTS\lib\</path>
         <kind>archive</kind>
         <file>rts2800_fpu32_eabi.lib</file>
         <name>boot28.asm.obj</name>
      </input_file>
      <input_file id="fl-3b">
         <path>C:\ti\ccs1260\ccs\tools\compiler\ti-cgt-c2000_22.6.1.LTS\lib\</path>
         <kind>archive</kind>
         <file>rts2800_fpu32_eabi.lib</file>
         <name>ll_cmp28.asm.obj</name>
      </input_file>
      <input_file id="fl-3c">
         <path>C:\ti\ccs1260\ccs\tools\compiler\ti-cgt-c2000_22.6.1.LTS\lib\</path>
         <kind>archive</kind>
         <file>rts2800_fpu32_eabi.lib</file>
         <name>memcpy.c.obj</name>
      </input_file>
      <input_file id="fl-3d">
         <path>C:\ti\ccs1260\ccs\tools\compiler\ti-cgt-c2000_22.6.1.LTS\lib\</path>
         <kind>archive</kind>
         <file>rts2800_fpu32_eabi.lib</file>
         <name>pre_init.c.obj</name>
      </input_file>
      <input_file id="fl-3e">
         <path>C:\ti\ccs1260\ccs\tools\compiler\ti-cgt-c2000_22.6.1.LTS\lib\</path>
         <kind>archive</kind>
         <file>rts2800_fpu32_eabi.lib</file>
         <name>autoinit.c.obj</name>
      </input_file>
      <input_file id="fl-3f">
         <path>C:\ti\ccs1260\ccs\tools\compiler\ti-cgt-c2000_22.6.1.LTS\lib\</path>
         <kind>archive</kind>
         <file>rts2800_fpu32_eabi.lib</file>
         <name>copy_zero_init.c.obj</name>
      </input_file>
      <input_file id="fl-40">
         <path>C:\ti\ccs1260\ccs\tools\compiler\ti-cgt-c2000_22.6.1.LTS\lib\</path>
         <kind>archive</kind>
         <file>rts2800_fpu32_eabi.lib</file>
         <name>copy_decompress_none.c.obj</name>
      </input_file>
      <input_file id="fl-41">
         <path>C:\ti\ccs1260\ccs\tools\compiler\ti-cgt-c2000_22.6.1.LTS\lib\</path>
         <kind>archive</kind>
         <file>rts2800_fpu32_eabi.lib</file>
         <name>copy_decompress_lzss.c.obj</name>
      </input_file>
      <input_file id="fl-42">
         <path>C:\ti\ccs1260\ccs\tools\compiler\ti-cgt-c2000_22.6.1.LTS\lib\</path>
         <kind>archive</kind>
         <file>rts2800_fpu32_eabi.lib</file>
         <name>exit.c.obj</name>
      </input_file>
      <input_file id="fl-43">
         <path>C:\ti\ccs1260\ccs\tools\compiler\ti-cgt-c2000_22.6.1.LTS\lib\</path>
         <kind>archive</kind>
         <file>rts2800_fpu32_eabi.lib</file>
         <name>_lock.c.obj</name>
      </input_file>
      <input_file id="fl-44">
         <path>C:\ti\ccs1260\ccs\tools\compiler\ti-cgt-c2000_22.6.1.LTS\lib\</path>
         <kind>archive</kind>
         <file>rts2800_fpu32_eabi.lib</file>
         <name>args_main.c.obj</name>
      </input_file>
      <input_file id="fl-45">
         <path>C:\ti\ccs1260\ccs\tools\compiler\ti-cgt-c2000_22.6.1.LTS\lib\</path>
         <kind>archive</kind>
         <file>rts2800_fpu32_eabi.lib</file>
         <name>memset.c.obj</name>
      </input_file>
      <input_file id="fl-46">
         <path>C:\ti\ccs1260\ccs\tools\compiler\ti-cgt-c2000_22.6.1.LTS\lib\</path>
         <kind>archive</kind>
         <file>rts2800_fpu32_eabi.lib</file>
         <name>cpy_tbl.c.obj</name>
      </input_file>
      <input_file id="fl-47">
         <path>C:\ti\ccs1260\ccs\tools\compiler\ti-cgt-c2000_22.6.1.LTS\lib\</path>
         <kind>archive</kind>
         <file>rts2800_fpu32_eabi.lib</file>
         <name>startup.c.obj</name>
      </input_file>
   </input_file_list>
   <object_component_list>
      <object_component id="oc-31">
         <name>codestart</name>
         <load_address>0x80000</load_address>
         <run_address>0x80000</run_address>
         <size>0x2</size>
         <input_file_ref idref="fl-8"/>
      </object_component>
      <object_component id="oc-263">
         <name>.text:SFRA_GUI_sendData</name>
         <load_address>0x82000</load_address>
         <run_address>0x82000</run_address>
         <size>0x108</size>
         <input_file_ref idref="fl-6"/>
      </object_component>
      <object_component id="oc-1a1">
         <name>.text:SFRA_GUI_config</name>
         <load_address>0x82108</load_address>
         <run_address>0x82108</run_address>
         <size>0xf9</size>
         <input_file_ref idref="fl-6"/>
      </object_component>
      <object_component id="oc-159">
         <name>.text:PSFB_HAL_setupFBPWMs</name>
         <load_address>0x82201</load_address>
         <run_address>0x82201</run_address>
         <size>0xc9</size>
         <input_file_ref idref="fl-4"/>
      </object_component>
      <object_component id="oc-1f2">
         <name>.text:Device_enableAllPeripherals</name>
         <load_address>0x822ca</load_address>
         <run_address>0x822ca</run_address>
         <size>0xc4</size>
         <input_file_ref idref="fl-7"/>
      </object_component>
      <object_component id="oc-15f">
         <name>.text:PSFB_HAL_setupSRPWMs</name>
         <load_address>0x8238e</load_address>
         <run_address>0x8238e</run_address>
         <size>0xc1</size>
         <input_file_ref idref="fl-4"/>
      </object_component>
      <object_component id="oc-2f1">
         <name>.text:SysCtl_isPLLValid</name>
         <load_address>0x8244f</load_address>
         <run_address>0x8244f</run_address>
         <size>0xb7</size>
         <input_file_ref idref="fl-2a"/>
      </object_component>
      <object_component id="oc-1e6">
         <name>.text:SysCtl_setClock</name>
         <load_address>0x82506</load_address>
         <run_address>0x82506</run_address>
         <size>0xb3</size>
         <input_file_ref idref="fl-2a"/>
      </object_component>
      <object_component id="oc-a6">
         <name>.text:PSFB_globalVariablesInit</name>
         <load_address>0x825b9</load_address>
         <run_address>0x825b9</run_address>
         <size>0x8b</size>
         <input_file_ref idref="fl-2"/>
      </object_component>
      <object_component id="oc-e2">
         <name>.text:PSFB_HAL_setupBoardProtection</name>
         <load_address>0x82644</load_address>
         <run_address>0x82644</run_address>
         <size>0x88</size>
         <input_file_ref idref="fl-4"/>
      </object_component>
      <object_component id="oc-145">
         <name>.text:PSFB_OVP</name>
         <load_address>0x826cc</load_address>
         <run_address>0x826cc</run_address>
         <size>0x7a</size>
         <input_file_ref idref="fl-2"/>
      </object_component>
      <object_component id="oc-d6">
         <name>.text:PSFB_HAL_setPinsAsPWM</name>
         <load_address>0x82746</load_address>
         <run_address>0x82746</run_address>
         <size>0x71</size>
         <input_file_ref idref="fl-4"/>
      </object_component>
      <object_component id="oc-8e">
         <name>.text:PSFB_HAL_setupDevice</name>
         <load_address>0x827b7</load_address>
         <run_address>0x827b7</run_address>
         <size>0x71</size>
         <input_file_ref idref="fl-4"/>
      </object_component>
      <object_component id="oc-d0">
         <name>.text:PSFB_HAL_initCmpssPCMC</name>
         <load_address>0x82828</load_address>
         <run_address>0x82828</run_address>
         <size>0x6b</size>
         <input_file_ref idref="fl-4"/>
      </object_component>
      <object_component id="oc-49">
         <name>.text:main</name>
         <load_address>0x82893</load_address>
         <run_address>0x82893</run_address>
         <size>0x61</size>
         <input_file_ref idref="fl-5"/>
      </object_component>
      <object_component id="oc-b2">
         <name>.text:PSFB_HAL_setupADC</name>
         <load_address>0x828f4</load_address>
         <run_address>0x828f4</run_address>
         <size>0x60</size>
         <input_file_ref idref="fl-4"/>
      </object_component>
      <object_component id="oc-c4">
         <name>.text:PSFB_setupSFRA</name>
         <load_address>0x82954</load_address>
         <run_address>0x82954</run_address>
         <size>0x5a</size>
         <input_file_ref idref="fl-2"/>
      </object_component>
      <object_component id="oc-10e">
         <name>.text:Device_init</name>
         <load_address>0x829ae</load_address>
         <run_address>0x829ae</run_address>
         <size>0x55</size>
         <input_file_ref idref="fl-7"/>
      </object_component>
      <object_component id="oc-275">
         <name>.text:SFRA_GUI_lifePulseTsk</name>
         <load_address>0x82a03</load_address>
         <run_address>0x82a03</run_address>
         <size>0x4f</size>
         <input_file_ref idref="fl-6"/>
      </object_component>
      <object_component id="oc-11a">
         <name>.text:Interrupt_initModule</name>
         <load_address>0x82a52</load_address>
         <run_address>0x82a52</run_address>
         <size>0x41</size>
         <input_file_ref idref="fl-28"/>
      </object_component>
      <object_component id="oc-1b0">
         <name>.text:GPIO_setPadConfig</name>
         <load_address>0x82a93</load_address>
         <run_address>0x82a93</run_address>
         <size>0x3f</size>
         <input_file_ref idref="fl-27"/>
      </object_component>
      <object_component id="oc-380">
         <name>.text:SysCtl_selectXTAL</name>
         <load_address>0x82ad2</load_address>
         <run_address>0x82ad2</run_address>
         <size>0x3f</size>
         <input_file_ref idref="fl-2a"/>
      </object_component>
      <object_component id="oc-3af">
         <name>.text:SysCtl_pollX1Counter</name>
         <load_address>0x82b11</load_address>
         <run_address>0x82b11</run_address>
         <size>0x3e</size>
         <input_file_ref idref="fl-2a"/>
      </object_component>
      <object_component id="oc-306">
         <name>.text</name>
         <load_address>0x82b4f</load_address>
         <run_address>0x82b4f</run_address>
         <size>0x38</size>
         <input_file_ref idref="fl-2d"/>
      </object_component>
      <object_component id="oc-28d">
         <name>.text:SFRA_GUI_getCmdByte</name>
         <load_address>0x82b87</load_address>
         <run_address>0x82b87</run_address>
         <size>0x37</size>
         <input_file_ref idref="fl-6"/>
      </object_component>
      <object_component id="oc-dc">
         <name>.text:Interrupt_enable</name>
         <load_address>0x82bbe</load_address>
         <run_address>0x82bbe</run_address>
         <size>0x36</size>
         <input_file_ref idref="fl-28"/>
      </object_component>
      <object_component id="oc-16c">
         <name>.text:ADC_setVREF</name>
         <load_address>0x82bf4</load_address>
         <run_address>0x82bf4</run_address>
         <size>0x30</size>
         <input_file_ref idref="fl-23"/>
      </object_component>
      <object_component id="oc-181">
         <name>.text:GPIO_setPinConfig</name>
         <load_address>0x82c24</load_address>
         <run_address>0x82c24</run_address>
         <size>0x30</size>
         <input_file_ref idref="fl-27"/>
      </object_component>
      <object_component id="oc-313">
         <name>.text:PSFB_EnablePSFBPWM</name>
         <load_address>0x82c54</load_address>
         <run_address>0x82c54</run_address>
         <size>0x30</size>
         <input_file_ref idref="fl-2"/>
      </object_component>
      <object_component id="oc-24">
         <name>.text:decompress:lzss</name>
         <load_address>0x82c84</load_address>
         <run_address>0x82c84</run_address>
         <size>0x30</size>
         <input_file_ref idref="fl-41"/>
      </object_component>
      <object_component id="oc-2eb">
         <name>.text:SysCtl_selectOscSource</name>
         <load_address>0x82cb4</load_address>
         <run_address>0x82cb4</run_address>
         <size>0x2d</size>
         <input_file_ref idref="fl-2a"/>
      </object_component>
      <object_component id="oc-269">
         <name>.text:SFRA_GUI_getData</name>
         <load_address>0x82ce1</load_address>
         <run_address>0x82ce1</run_address>
         <size>0x2b</size>
         <input_file_ref idref="fl-6"/>
      </object_component>
      <object_component id="oc-1b8">
         <name>.text:XBAR_setEPWMMuxConfig</name>
         <load_address>0x82d0c</load_address>
         <run_address>0x82d0c</run_address>
         <size>0x2b</size>
         <input_file_ref idref="fl-2b"/>
      </object_component>
      <object_component id="oc-2b1">
         <name>.text:__TI_auto_init_nobinit_nopinit</name>
         <load_address>0x82d37</load_address>
         <run_address>0x82d37</run_address>
         <size>0x2b</size>
         <input_file_ref idref="fl-3e"/>
      </object_component>
      <object_component id="oc-13e">
         <name>.text:A2</name>
         <load_address>0x82d62</load_address>
         <run_address>0x82d62</run_address>
         <size>0x29</size>
         <input_file_ref idref="fl-5"/>
      </object_component>
      <object_component id="oc-26f">
         <name>.text:SFRA_GUI_setData32</name>
         <load_address>0x82d8b</load_address>
         <run_address>0x82d8b</run_address>
         <size>0x29</size>
         <input_file_ref idref="fl-6"/>
      </object_component>
      <object_component id="oc-1dc">
         <name>.text</name>
         <load_address>0x82db4</load_address>
         <run_address>0x82db4</run_address>
         <size>0x29</size>
         <input_file_ref idref="fl-42"/>
      </object_component>
      <object_component id="oc-ac">
         <name>.text:PSFB_HAL_setupPWMs</name>
         <load_address>0x82ddd</load_address>
         <run_address>0x82ddd</run_address>
         <size>0x25</size>
         <input_file_ref idref="fl-4"/>
      </object_component>
      <object_component id="oc-338">
         <name>.text:SFRA_GUI_echoCmdByte</name>
         <load_address>0x82e02</load_address>
         <run_address>0x82e02</run_address>
         <size>0x25</size>
         <input_file_ref idref="fl-6"/>
      </object_component>
      <object_component id="oc-3b7">
         <name>.text:SFRA_GUI_echoSizeByte</name>
         <load_address>0x82e27</load_address>
         <run_address>0x82e27</run_address>
         <size>0x25</size>
         <input_file_ref idref="fl-6"/>
      </object_component>
      <object_component id="oc-165">
         <name>.text:PSFB_HAL_setupAdcOvrSamplPWM</name>
         <load_address>0x82e4c</load_address>
         <run_address>0x82e4c</run_address>
         <size>0x24</size>
         <input_file_ref idref="fl-4"/>
      </object_component>
      <object_component id="oc-248">
         <name>.text:SCI_setConfig</name>
         <load_address>0x82e70</load_address>
         <run_address>0x82e70</run_address>
         <size>0x23</size>
         <input_file_ref idref="fl-29"/>
      </object_component>
      <object_component id="oc-17b">
         <name>.text:GPIO_setQualificationMode</name>
         <load_address>0x82e93</load_address>
         <run_address>0x82e93</run_address>
         <size>0x22</size>
         <input_file_ref idref="fl-27"/>
      </object_component>
      <object_component id="oc-37a">
         <name>.text:SysCtl_selectXTALSingleEnded</name>
         <load_address>0x82eb5</load_address>
         <run_address>0x82eb5</run_address>
         <size>0x21</size>
         <input_file_ref idref="fl-2a"/>
      </object_component>
      <object_component id="oc-175">
         <name>.text:GPIO_setDirectionMode</name>
         <load_address>0x82ed6</load_address>
         <run_address>0x82ed6</run_address>
         <size>0x20</size>
         <input_file_ref idref="fl-27"/>
      </object_component>
      <object_component id="oc-3dc">
         <name>.text:SFRA_GUI_cmdInterpreter</name>
         <load_address>0x82ef6</load_address>
         <run_address>0x82ef6</run_address>
         <size>0x20</size>
         <input_file_ref idref="fl-6"/>
      </object_component>
      <object_component id="oc-3ce">
         <name>.text:SFRA_GUI_echoDataByte</name>
         <load_address>0x82f16</load_address>
         <run_address>0x82f16</run_address>
         <size>0x20</size>
         <input_file_ref idref="fl-6"/>
      </object_component>
      <object_component id="oc-3c7">
         <name>.text:SFRA_GUI_getDataByte</name>
         <load_address>0x82f36</load_address>
         <run_address>0x82f36</run_address>
         <size>0x1d</size>
         <input_file_ref idref="fl-6"/>
      </object_component>
      <object_component id="oc-39a">
         <name>.text:SFRA_GUI_getSizeByte</name>
         <load_address>0x82f53</load_address>
         <run_address>0x82f53</run_address>
         <size>0x1d</size>
         <input_file_ref idref="fl-6"/>
      </object_component>
      <object_component id="oc-6f">
         <name>.text</name>
         <load_address>0x82f70</load_address>
         <run_address>0x82f70</run_address>
         <size>0x1d</size>
         <input_file_ref idref="fl-3c"/>
      </object_component>
      <object_component id="oc-254">
         <name>.text:SCI_clearInterruptStatus</name>
         <load_address>0x82f8d</load_address>
         <run_address>0x82f8d</run_address>
         <size>0x1c</size>
         <input_file_ref idref="fl-29"/>
      </object_component>
      <object_component id="oc-3d5">
         <name>.text:SFRA_GUI_packWord</name>
         <load_address>0x82fa9</load_address>
         <run_address>0x82fa9</run_address>
         <size>0x1c</size>
         <input_file_ref idref="fl-6"/>
      </object_component>
      <object_component id="oc-22f">
         <name>.text:ADC_setOffsetTrimAll</name>
         <load_address>0x82fc5</load_address>
         <run_address>0x82fc5</run_address>
         <size>0x1b</size>
         <input_file_ref idref="fl-23"/>
      </object_component>
      <object_component id="oc-be">
         <name>.text:PSFB_HAL_setupGPIOs</name>
         <load_address>0x82fe0</load_address>
         <run_address>0x82fe0</run_address>
         <size>0x1b</size>
         <input_file_ref idref="fl-4"/>
      </object_component>
      <object_component id="oc-296">
         <name>.text:SFRA_GUI_spareTsk08</name>
         <load_address>0x82ffb</load_address>
         <run_address>0x82ffb</run_address>
         <size>0x5</size>
         <input_file_ref idref="fl-6"/>
      </object_component>
      <object_component id="oc-24e">
         <name>.text:SCI_enableInterrupt</name>
         <load_address>0x83000</load_address>
         <run_address>0x83000</run_address>
         <size>0x1a</size>
         <input_file_ref idref="fl-29"/>
      </object_component>
      <object_component id="oc-1a9">
         <name>.text:CMPSS_configFilterLow</name>
         <load_address>0x8301a</load_address>
         <run_address>0x8301a</run_address>
         <size>0x19</size>
         <input_file_ref idref="fl-24"/>
      </object_component>
      <object_component id="oc-b8">
         <name>.text:PSFB_HAL_setupADCSOCTrigger</name>
         <load_address>0x83033</load_address>
         <run_address>0x83033</run_address>
         <size>0x19</size>
         <input_file_ref idref="fl-4"/>
      </object_component>
      <object_component id="oc-94">
         <name>.text:A0</name>
         <load_address>0x8304c</load_address>
         <run_address>0x8304c</run_address>
         <size>0x18</size>
         <input_file_ref idref="fl-5"/>
      </object_component>
      <object_component id="oc-12b">
         <name>.text:B0</name>
         <load_address>0x83064</load_address>
         <run_address>0x83064</run_address>
         <size>0x18</size>
         <input_file_ref idref="fl-5"/>
      </object_component>
      <object_component id="oc-9a">
         <name>.text:A1</name>
         <load_address>0x8307c</load_address>
         <run_address>0x8307c</run_address>
         <size>0x17</size>
         <input_file_ref idref="fl-5"/>
      </object_component>
      <object_component id="oc-104">
         <name>.text</name>
         <load_address>0x83093</load_address>
         <run_address>0x83093</run_address>
         <size>0x17</size>
         <input_file_ref idref="fl-3a"/>
      </object_component>
      <object_component id="oc-218">
         <name>.text:PSFB_UpdateOCPThreshold</name>
         <load_address>0x830aa</load_address>
         <run_address>0x830aa</run_address>
         <size>0x16</size>
         <input_file_ref idref="fl-2"/>
      </object_component>
      <object_component id="oc-56">
         <name>.text:Interrupt_initVectorTable</name>
         <load_address>0x830c0</load_address>
         <run_address>0x830c0</run_address>
         <size>0x15</size>
         <input_file_ref idref="fl-28"/>
      </object_component>
      <object_component id="oc-138">
         <name>.text:PSFB_StartupControl</name>
         <load_address>0x830d5</load_address>
         <run_address>0x830d5</run_address>
         <size>0x15</size>
         <input_file_ref idref="fl-2"/>
      </object_component>
      <object_component id="oc-187">
         <name>.text:PSFB_HAL_setupdebugGPIO</name>
         <load_address>0x830ea</load_address>
         <run_address>0x830ea</run_address>
         <size>0x11</size>
         <input_file_ref idref="fl-4"/>
      </object_component>
      <object_component id="oc-281">
         <name>.text:SFRA_GUI_setButton</name>
         <load_address>0x830fb</load_address>
         <run_address>0x830fb</run_address>
         <size>0x11</size>
         <input_file_ref idref="fl-6"/>
      </object_component>
      <object_component id="oc-287">
         <name>.text:SFRA_GUI_setSlider</name>
         <load_address>0x8310c</load_address>
         <run_address>0x8310c</run_address>
         <size>0x11</size>
         <input_file_ref idref="fl-6"/>
      </object_component>
      <object_component id="oc-27b">
         <name>.text:SFRA_GUI_setText</name>
         <load_address>0x8311d</load_address>
         <run_address>0x8311d</run_address>
         <size>0x11</size>
         <input_file_ref idref="fl-6"/>
      </object_component>
      <object_component id="oc-114">
         <name>.text:Device_initGPIO</name>
         <load_address>0x8312e</load_address>
         <run_address>0x8312e</run_address>
         <size>0x10</size>
         <input_file_ref idref="fl-7"/>
      </object_component>
      <object_component id="oc-20b">
         <name>.text:SFRA_GUI_runSerialHostComms</name>
         <load_address>0x8313e</load_address>
         <run_address>0x8313e</run_address>
         <size>0xf</size>
         <input_file_ref idref="fl-6"/>
      </object_component>
      <object_component id="oc-77">
         <name>.text:decompress:ZI:__TI_zero_init_nomemset</name>
         <load_address>0x8314d</load_address>
         <run_address>0x8314d</run_address>
         <size>0xd</size>
         <input_file_ref idref="fl-3f"/>
      </object_component>
      <object_component id="oc-66">
         <name>.text:Interrupt_defaultHandler</name>
         <load_address>0x8315a</load_address>
         <run_address>0x8315a</run_address>
         <size>0xc</size>
         <input_file_ref idref="fl-28"/>
      </object_component>
      <object_component id="oc-1d6">
         <name>.text</name>
         <load_address>0x83166</load_address>
         <run_address>0x83166</run_address>
         <size>0xc</size>
         <input_file_ref idref="fl-44"/>
      </object_component>
      <object_component id="oc-224">
         <name>.text:B3</name>
         <load_address>0x83172</load_address>
         <run_address>0x83172</run_address>
         <size>0xb</size>
         <input_file_ref idref="fl-5"/>
      </object_component>
      <object_component id="oc-132">
         <name>.text:PSFB_runSFRABackGroundTasks</name>
         <load_address>0x8317d</load_address>
         <run_address>0x8317d</run_address>
         <size>0xb</size>
         <input_file_ref idref="fl-2"/>
      </object_component>
      <object_component id="oc-14b">
         <name>.text:B2</name>
         <load_address>0x83188</load_address>
         <run_address>0x83188</run_address>
         <size>0xa</size>
         <input_file_ref idref="fl-5"/>
      </object_component>
      <object_component id="oc-60">
         <name>.text:Interrupt_illegalOperationHandler</name>
         <load_address>0x83192</load_address>
         <run_address>0x83192</run_address>
         <size>0xa</size>
         <input_file_ref idref="fl-28"/>
      </object_component>
      <object_component id="oc-54">
         <name>.text:Interrupt_nmiHandler</name>
         <load_address>0x8319c</load_address>
         <run_address>0x8319c</run_address>
         <size>0xa</size>
         <input_file_ref idref="fl-28"/>
      </object_component>
      <object_component id="oc-153">
         <name>.text:PSFB_HAL_disablePWMCLKCounting</name>
         <load_address>0x831a6</load_address>
         <run_address>0x831a6</run_address>
         <size>0x9</size>
         <input_file_ref idref="fl-4"/>
      </object_component>
      <object_component id="oc-36e">
         <name>.text</name>
         <load_address>0x831af</load_address>
         <run_address>0x831af</run_address>
         <size>0x9</size>
         <input_file_ref idref="fl-43"/>
      </object_component>
      <object_component id="oc-a0">
         <name>.text:B1</name>
         <load_address>0x831b8</load_address>
         <run_address>0x831b8</run_address>
         <size>0x8</size>
         <input_file_ref idref="fl-5"/>
      </object_component>
      <object_component id="oc-ca">
         <name>.text:PSFB_HAL_enablePWMCLKCounting</name>
         <load_address>0x831c0</load_address>
         <run_address>0x831c0</run_address>
         <size>0x8</size>
         <input_file_ref idref="fl-4"/>
      </object_component>
      <object_component id="oc-2a">
         <name>.text:decompress:none</name>
         <load_address>0x831c8</load_address>
         <run_address>0x831c8</run_address>
         <size>0x8</size>
         <input_file_ref idref="fl-40"/>
      </object_component>
      <object_component id="oc-83">
         <name>.text</name>
         <load_address>0x831d0</load_address>
         <run_address>0x831d0</run_address>
         <size>0x8</size>
         <input_file_ref idref="fl-8"/>
      </object_component>
      <object_component id="oc-120">
         <name>.text:CPUTimer_setEmulationMode</name>
         <load_address>0x831d8</load_address>
         <run_address>0x831d8</run_address>
         <size>0x6</size>
         <input_file_ref idref="fl-25"/>
      </object_component>
      <object_component id="oc-21e">
         <name>.text:PSFB_UpdateRampSlope</name>
         <load_address>0x831de</load_address>
         <run_address>0x831de</run_address>
         <size>0x6</size>
         <input_file_ref idref="fl-2"/>
      </object_component>
      <object_component id="oc-1cf">
         <name>.text</name>
         <load_address>0x831e4</load_address>
         <run_address>0x831e4</run_address>
         <size>0x2</size>
         <input_file_ref idref="fl-3d"/>
      </object_component>
      <object_component id="oc-354">
         <name>.text</name>
         <load_address>0x831e6</load_address>
         <run_address>0x831e6</run_address>
         <size>0x1</size>
         <input_file_ref idref="fl-47"/>
      </object_component>
      <object_component id="oc-41c">
         <name>.cinit..data.load</name>
         <load_address>0x81000</load_address>
         <run_address>0x81000</run_address>
         <size>0x9</size>
      </object_component>
      <object_component id="oc-41d">
         <name>.cinit.controlVariables.load</name>
         <load_address>0x81009</load_address>
         <run_address>0x81009</run_address>
         <size>0x7</size>
      </object_component>
      <object_component id="oc-419">
         <name>__TI_handler_table</name>
         <load_address>0x81010</load_address>
         <run_address>0x81010</run_address>
         <size>0x6</size>
      </object_component>
      <object_component id="oc-41b">
         <name>.cinit..bss.load</name>
         <load_address>0x81016</load_address>
         <run_address>0x81016</run_address>
         <size>0x4</size>
      </object_component>
      <object_component id="oc-41a">
         <name>__TI_cinit_table</name>
         <load_address>0x8101a</load_address>
         <run_address>0x8101a</run_address>
         <size>0xc</size>
      </object_component>
      <object_component id="oc-6c">
         <name>.stack</name>
         <uninitialized>true</uninitialized>
         <run_address>0x400</run_address>
         <size>0x0</size>
         <input_file_ref idref="fl-3a"/>
      </object_component>
      <object_component id="oc-41e">
         <name>.stack</name>
         <uninitialized>true</uninitialized>
         <run_address>0x400</run_address>
         <size>0x0</size>
      </object_component>
      <object_component id="oc-18e">
         <name>.bss</name>
         <uninitialized>true</uninitialized>
         <run_address>0xb140</run_address>
         <size>0x22</size>
         <input_file_ref idref="fl-2"/>
      </object_component>
      <object_component id="oc-19e">
         <name>.bss:PSFB_plantMagVect</name>
         <uninitialized>true</uninitialized>
         <run_address>0xb0b4</run_address>
         <size>0x3c</size>
         <input_file_ref idref="fl-2"/>
      </object_component>
      <object_component id="oc-192">
         <name>.bss:PSFB_plantPhaseVect</name>
         <uninitialized>true</uninitialized>
         <run_address>0xb0f0</run_address>
         <size>0x3c</size>
         <input_file_ref idref="fl-2"/>
      </object_component>
      <object_component id="oc-195">
         <name>.bss:PSFB_olMagVect</name>
         <uninitialized>true</uninitialized>
         <run_address>0xb03c</run_address>
         <size>0x3c</size>
         <input_file_ref idref="fl-2"/>
      </object_component>
      <object_component id="oc-198">
         <name>.bss:PSFB_olPhaseVect</name>
         <uninitialized>true</uninitialized>
         <run_address>0xb078</run_address>
         <size>0x3c</size>
         <input_file_ref idref="fl-2"/>
      </object_component>
      <object_component id="oc-19b">
         <name>.bss:PSFB_freqVect</name>
         <uninitialized>true</uninitialized>
         <run_address>0xb000</run_address>
         <size>0x3c</size>
         <input_file_ref idref="fl-2"/>
      </object_component>
      <object_component id="oc-e8">
         <name>.bss</name>
         <uninitialized>true</uninitialized>
         <run_address>0xb162</run_address>
         <size>0x6</size>
         <input_file_ref idref="fl-5"/>
      </object_component>
      <object_component id="oc-128">
         <name>.bss:vTimer0</name>
         <uninitialized>true</uninitialized>
         <run_address>0xb13c</run_address>
         <size>0x4</size>
         <input_file_ref idref="fl-5"/>
      </object_component>
      <object_component id="oc-206">
         <name>.bss:vTimer1</name>
         <uninitialized>true</uninitialized>
         <run_address>0xb168</run_address>
         <size>0x4</size>
         <input_file_ref idref="fl-5"/>
      </object_component>
      <object_component id="oc-293">
         <name>.bss</name>
         <uninitialized>true</uninitialized>
         <run_address>0xb180</run_address>
         <size>0x22</size>
         <input_file_ref idref="fl-6"/>
      </object_component>
      <object_component id="oc-29c">
         <name>.bss:SFRA_GUI_cmdPacket</name>
         <uninitialized>true</uninitialized>
         <run_address>0xb136</run_address>
         <size>0x6</size>
         <input_file_ref idref="fl-6"/>
      </object_component>
      <object_component id="oc-260">
         <name>.bss:SFRA_GUI_cmdDispatcher</name>
         <uninitialized>true</uninitialized>
         <run_address>0xb1c2</run_address>
         <size>0x20</size>
         <input_file_ref idref="fl-6"/>
      </object_component>
      <object_component id="oc-32f">
         <name>.bss:SFRA_GUI_varSetTxtList</name>
         <uninitialized>true</uninitialized>
         <run_address>0xb262</run_address>
         <size>0x20</size>
         <input_file_ref idref="fl-6"/>
      </object_component>
      <object_component id="oc-2a2">
         <name>.bss:SFRA_GUI_varSetBtnList</name>
         <uninitialized>true</uninitialized>
         <run_address>0xb222</run_address>
         <size>0x20</size>
         <input_file_ref idref="fl-6"/>
      </object_component>
      <object_component id="oc-334">
         <name>.bss:SFRA_GUI_varSetSldrList</name>
         <uninitialized>true</uninitialized>
         <run_address>0xb242</run_address>
         <size>0x20</size>
         <input_file_ref idref="fl-6"/>
      </object_component>
      <object_component id="oc-25a">
         <name>.bss:SFRA_GUI_varGetList</name>
         <uninitialized>true</uninitialized>
         <run_address>0xb202</run_address>
         <size>0x20</size>
         <input_file_ref idref="fl-6"/>
      </object_component>
      <object_component id="oc-29f">
         <name>.bss:SFRA_GUI_arrayGetList</name>
         <uninitialized>true</uninitialized>
         <run_address>0xb1a2</run_address>
         <size>0x20</size>
         <input_file_ref idref="fl-6"/>
      </object_component>
      <object_component id="oc-25d">
         <name>.bss:SFRA_GUI_dataSetList</name>
         <uninitialized>true</uninitialized>
         <run_address>0xb1e2</run_address>
         <size>0x20</size>
         <input_file_ref idref="fl-6"/>
      </object_component>
      <object_component id="oc-1f8">
         <name>.bss</name>
         <uninitialized>true</uninitialized>
         <run_address>0xb12c</run_address>
         <size>0xa</size>
         <input_file_ref idref="fl-7"/>
      </object_component>
      <object_component id="oc-213">
         <name>.data</name>
         <load_address>0xb288</load_address>
         <run_address>0xb288</run_address>
         <size>0x3</size>
         <input_file_ref idref="fl-2"/>
      </object_component>
      <object_component id="oc-2e3">
         <name>.data</name>
         <load_address>0xb282</load_address>
         <run_address>0xb282</run_address>
         <size>0x6</size>
         <input_file_ref idref="fl-42"/>
      </object_component>
      <object_component id="oc-2e6">
         <name>.data:_lock</name>
         <load_address>0xb28c</load_address>
         <run_address>0xb28c</run_address>
         <size>0x2</size>
         <input_file_ref idref="fl-43"/>
      </object_component>
      <object_component id="oc-3a8">
         <name>.data:_unlock</name>
         <load_address>0xb28e</load_address>
         <run_address>0xb28e</run_address>
         <size>0x2</size>
         <input_file_ref idref="fl-43"/>
      </object_component>
      <object_component id="oc-20a">
         <name>.text</name>
         <load_address>0x86000</load_address>
         <run_address>0xc000</run_address>
         <size>0x1fa</size>
         <input_file_ref idref="fl-1f"/>
      </object_component>
      <object_component id="oc-191">
         <name>.text</name>
         <load_address>0x861fa</load_address>
         <run_address>0xc1fa</run_address>
         <size>0x1c2</size>
         <input_file_ref idref="fl-21"/>
      </object_component>
      <object_component id="oc-8d">
         <name>.text</name>
         <load_address>0x863bc</load_address>
         <run_address>0xc3bc</run_address>
         <size>0x67</size>
         <input_file_ref idref="fl-20"/>
      </object_component>
      <object_component id="oc-8c">
         <name>.text</name>
         <load_address>0x86423</load_address>
         <run_address>0xc423</run_address>
         <size>0x26</size>
         <input_file_ref idref="fl-22"/>
      </object_component>
      <object_component id="oc-10d">
         <name>SFRA_F32_Data</name>
         <load_address>0x8644a</load_address>
         <run_address>0xc44a</run_address>
         <size>0x22</size>
         <input_file_ref idref="fl-21"/>
      </object_component>
      <object_component id="oc-1ec">
         <name>.TI.ramfunc:Flash_initModule</name>
         <load_address>0x8646c</load_address>
         <run_address>0xc46c</run_address>
         <size>0x45</size>
         <input_file_ref idref="fl-26"/>
      </object_component>
      <object_component id="oc-172">
         <name>.TI.ramfunc</name>
         <load_address>0x864b1</load_address>
         <run_address>0xc4b1</run_address>
         <size>0x4</size>
         <input_file_ref idref="fl-2a"/>
      </object_component>
      <object_component id="oc-38e">
         <name>FPUmathTables</name>
         <load_address>0x9f000</load_address>
         <run_address>0x9f000</run_address>
         <size>0xd0</size>
         <input_file_ref idref="fl-2e"/>
      </object_component>
      <object_component id="oc-89">
         <name>controlVariables:uninit</name>
         <load_address>0x8000</load_address>
         <run_address>0x8000</run_address>
         <size>0x66</size>
         <input_file_ref idref="fl-2"/>
      </object_component>
      <object_component id="oc-30f">
         <name>controlVariables:init</name>
         <load_address>0x8066</load_address>
         <run_address>0x8066</run_address>
         <size>0x1</size>
         <input_file_ref idref="fl-2"/>
      </object_component>
      <object_component id="oc-48">
         <name>isrcodefuncs:ISR1</name>
         <load_address>0x98000</load_address>
         <run_address>0x9000</run_address>
         <size>0x12a</size>
         <input_file_ref idref="fl-5"/>
      </object_component>
      <object_component id="oc-3e5">
         <name>.TI.memcrc:_ccs_flash_checksum</name>
         <load_address>0x0</load_address>
         <run_address>0x0</run_address>
         <size>0x126</size>
      </object_component>
      <object_component id="oc-10c">
         <name>.debug_types</name>
         <load_address>0x0</load_address>
         <run_address>0x0</run_address>
         <size>0x1638</size>
         <input_file_ref idref="fl-2"/>
      </object_component>
      <object_component id="oc-127">
         <name>.debug_types</name>
         <load_address>0x1638</load_address>
         <run_address>0x1638</run_address>
         <size>0x40a8</size>
         <input_file_ref idref="fl-4"/>
      </object_component>
      <object_component id="oc-ec">
         <name>.debug_types</name>
         <load_address>0x56e0</load_address>
         <run_address>0x56e0</run_address>
         <size>0xaa</size>
         <input_file_ref idref="fl-5"/>
      </object_component>
      <object_component id="oc-2a6">
         <name>.debug_types</name>
         <load_address>0x578a</load_address>
         <run_address>0x578a</run_address>
         <size>0xe9</size>
         <input_file_ref idref="fl-6"/>
      </object_component>
      <object_component id="oc-1fc">
         <name>.debug_types</name>
         <load_address>0x5873</load_address>
         <run_address>0x5873</run_address>
         <size>0x286</size>
         <input_file_ref idref="fl-7"/>
      </object_component>
      <object_component id="oc-236">
         <name>.debug_types</name>
         <load_address>0x5af9</load_address>
         <run_address>0x5af9</run_address>
         <size>0x1a1</size>
         <input_file_ref idref="fl-23"/>
      </object_component>
      <object_component id="oc-2a8">
         <name>.debug_types</name>
         <load_address>0x5c9a</load_address>
         <run_address>0x5c9a</run_address>
         <size>0x2f</size>
         <input_file_ref idref="fl-24"/>
      </object_component>
      <object_component id="oc-200">
         <name>.debug_types</name>
         <load_address>0x5cc9</load_address>
         <run_address>0x5cc9</run_address>
         <size>0x2f</size>
         <input_file_ref idref="fl-25"/>
      </object_component>
      <object_component id="oc-2fa">
         <name>.debug_types</name>
         <load_address>0x5cf8</load_address>
         <run_address>0x5cf8</run_address>
         <size>0x1e9</size>
         <input_file_ref idref="fl-26"/>
      </object_component>
      <object_component id="oc-238">
         <name>.debug_types</name>
         <load_address>0x5ee1</load_address>
         <run_address>0x5ee1</run_address>
         <size>0x468</size>
         <input_file_ref idref="fl-27"/>
      </object_component>
      <object_component id="oc-ef">
         <name>.debug_types</name>
         <load_address>0x0</load_address>
         <run_address>0x0</run_address>
         <size>0x0</size>
         <input_file_ref idref="fl-28"/>
      </object_component>
      <object_component id="oc-322">
         <name>.debug_types</name>
         <load_address>0x6349</load_address>
         <run_address>0x6349</run_address>
         <size>0x36d</size>
         <input_file_ref idref="fl-29"/>
      </object_component>
      <object_component id="oc-2f8">
         <name>.debug_types</name>
         <load_address>0x66b6</load_address>
         <run_address>0x66b6</run_address>
         <size>0x34b</size>
         <input_file_ref idref="fl-2a"/>
      </object_component>
      <object_component id="oc-2ab">
         <name>.debug_types</name>
         <load_address>0x6a01</load_address>
         <run_address>0x6a01</run_address>
         <size>0x2680</size>
         <input_file_ref idref="fl-2b"/>
      </object_component>
      <object_component id="oc-f7">
         <name>.debug_types</name>
         <load_address>0x9081</load_address>
         <run_address>0x9081</run_address>
         <size>0x142</size>
         <input_file_ref idref="fl-3c"/>
      </object_component>
      <object_component id="oc-2b0">
         <name>.debug_types</name>
         <load_address>0x0</load_address>
         <run_address>0x0</run_address>
         <size>0x0</size>
         <input_file_ref idref="fl-3d"/>
      </object_component>
      <object_component id="oc-35b">
         <name>.debug_types</name>
         <load_address>0x91c3</load_address>
         <run_address>0x91c3</run_address>
         <size>0x470</size>
         <input_file_ref idref="fl-3e"/>
      </object_component>
      <object_component id="oc-fc">
         <name>.debug_types</name>
         <load_address>0x9633</load_address>
         <run_address>0x9633</run_address>
         <size>0x165</size>
         <input_file_ref idref="fl-3f"/>
      </object_component>
      <object_component id="oc-76">
         <name>.debug_types</name>
         <load_address>0x0</load_address>
         <run_address>0x0</run_address>
         <size>0x0</size>
         <input_file_ref idref="fl-40"/>
      </object_component>
      <object_component id="oc-6e">
         <name>.debug_types</name>
         <load_address>0x9798</load_address>
         <run_address>0x9798</run_address>
         <size>0x191</size>
         <input_file_ref idref="fl-41"/>
      </object_component>
      <object_component id="oc-2ea">
         <name>.debug_types</name>
         <load_address>0x9929</load_address>
         <run_address>0x9929</run_address>
         <size>0xbf</size>
         <input_file_ref idref="fl-42"/>
      </object_component>
      <object_component id="oc-376">
         <name>.debug_types</name>
         <load_address>0x99e8</load_address>
         <run_address>0x99e8</run_address>
         <size>0x2f</size>
         <input_file_ref idref="fl-43"/>
      </object_component>
      <object_component id="oc-2e2">
         <name>.debug_types</name>
         <load_address>0x9a17</load_address>
         <run_address>0x9a17</run_address>
         <size>0xe1</size>
         <input_file_ref idref="fl-44"/>
      </object_component>
      <object_component id="oc-3a2">
         <name>.debug_types</name>
         <load_address>0x0</load_address>
         <run_address>0x0</run_address>
         <size>0x0</size>
         <input_file_ref idref="fl-47"/>
      </object_component>
      <object_component id="oc-8a">
         <name>.debug_info</name>
         <load_address>0x0</load_address>
         <run_address>0x0</run_address>
         <size>0x9b5</size>
         <input_file_ref idref="fl-2"/>
      </object_component>
      <object_component id="oc-310">
         <name>.debug_info</name>
         <load_address>0x9b5</load_address>
         <run_address>0x9b5</run_address>
         <size>0xe7</size>
         <input_file_ref idref="fl-2"/>
      </object_component>
      <object_component id="oc-214">
         <name>.debug_info</name>
         <load_address>0xa9c</load_address>
         <run_address>0xa9c</run_address>
         <size>0x155</size>
         <input_file_ref idref="fl-2"/>
      </object_component>
      <object_component id="oc-18f">
         <name>.debug_info</name>
         <load_address>0xbf1</load_address>
         <run_address>0xbf1</run_address>
         <size>0x119</size>
         <input_file_ref idref="fl-2"/>
      </object_component>
      <object_component id="oc-19f">
         <name>.debug_info</name>
         <load_address>0xd0a</load_address>
         <run_address>0xd0a</run_address>
         <size>0xf5</size>
         <input_file_ref idref="fl-2"/>
      </object_component>
      <object_component id="oc-193">
         <name>.debug_info</name>
         <load_address>0xdff</load_address>
         <run_address>0xdff</run_address>
         <size>0xf9</size>
         <input_file_ref idref="fl-2"/>
      </object_component>
      <object_component id="oc-196">
         <name>.debug_info</name>
         <load_address>0xef8</load_address>
         <run_address>0xef8</run_address>
         <size>0xef</size>
         <input_file_ref idref="fl-2"/>
      </object_component>
      <object_component id="oc-199">
         <name>.debug_info</name>
         <load_address>0xfe7</load_address>
         <run_address>0xfe7</run_address>
         <size>0xf3</size>
         <input_file_ref idref="fl-2"/>
      </object_component>
      <object_component id="oc-19c">
         <name>.debug_info</name>
         <load_address>0x10da</load_address>
         <run_address>0x10da</run_address>
         <size>0xed</size>
         <input_file_ref idref="fl-2"/>
      </object_component>
      <object_component id="oc-c5">
         <name>.debug_info</name>
         <load_address>0x11c7</load_address>
         <run_address>0x11c7</run_address>
         <size>0x195</size>
         <input_file_ref idref="fl-2"/>
      </object_component>
      <object_component id="oc-133">
         <name>.debug_info</name>
         <load_address>0x135c</load_address>
         <run_address>0x135c</run_address>
         <size>0x167</size>
         <input_file_ref idref="fl-2"/>
      </object_component>
      <object_component id="oc-a7">
         <name>.debug_info</name>
         <load_address>0x14c3</load_address>
         <run_address>0x14c3</run_address>
         <size>0x120</size>
         <input_file_ref idref="fl-2"/>
      </object_component>
      <object_component id="oc-21f">
         <name>.debug_info</name>
         <load_address>0x15e3</load_address>
         <run_address>0x15e3</run_address>
         <size>0x12b</size>
         <input_file_ref idref="fl-2"/>
      </object_component>
      <object_component id="oc-219">
         <name>.debug_info</name>
         <load_address>0x170e</load_address>
         <run_address>0x170e</run_address>
         <size>0x131</size>
         <input_file_ref idref="fl-2"/>
      </object_component>
      <object_component id="oc-139">
         <name>.debug_info</name>
         <load_address>0x183f</load_address>
         <run_address>0x183f</run_address>
         <size>0x11d</size>
         <input_file_ref idref="fl-2"/>
      </object_component>
      <object_component id="oc-146">
         <name>.debug_info</name>
         <load_address>0x195c</load_address>
         <run_address>0x195c</run_address>
         <size>0x101</size>
         <input_file_ref idref="fl-2"/>
      </object_component>
      <object_component id="oc-314">
         <name>.debug_info</name>
         <load_address>0x1a5d</load_address>
         <run_address>0x1a5d</run_address>
         <size>0x119</size>
         <input_file_ref idref="fl-2"/>
      </object_component>
      <object_component id="oc-188">
         <name>.debug_info</name>
         <load_address>0x1b76</load_address>
         <run_address>0x1b76</run_address>
         <size>0x179</size>
         <input_file_ref idref="fl-4"/>
      </object_component>
      <object_component id="oc-161">
         <name>.debug_info</name>
         <load_address>0x1cef</load_address>
         <run_address>0x1cef</run_address>
         <size>0x1e9</size>
         <input_file_ref idref="fl-4"/>
      </object_component>
      <object_component id="oc-154">
         <name>.debug_info</name>
         <load_address>0x1ed8</load_address>
         <run_address>0x1ed8</run_address>
         <size>0x136</size>
         <input_file_ref idref="fl-4"/>
      </object_component>
      <object_component id="oc-15b">
         <name>.debug_info</name>
         <load_address>0x200e</load_address>
         <run_address>0x200e</run_address>
         <size>0x20c</size>
         <input_file_ref idref="fl-4"/>
      </object_component>
      <object_component id="oc-166">
         <name>.debug_info</name>
         <load_address>0x221a</load_address>
         <run_address>0x221a</run_address>
         <size>0x18c</size>
         <input_file_ref idref="fl-4"/>
      </object_component>
      <object_component id="oc-ad">
         <name>.debug_info</name>
         <load_address>0x23a6</load_address>
         <run_address>0x23a6</run_address>
         <size>0x196</size>
         <input_file_ref idref="fl-4"/>
      </object_component>
      <object_component id="oc-c0">
         <name>.debug_info</name>
         <load_address>0x253c</load_address>
         <run_address>0x253c</run_address>
         <size>0x1dd</size>
         <input_file_ref idref="fl-4"/>
      </object_component>
      <object_component id="oc-90">
         <name>.debug_info</name>
         <load_address>0x2719</load_address>
         <run_address>0x2719</run_address>
         <size>0x254</size>
         <input_file_ref idref="fl-4"/>
      </object_component>
      <object_component id="oc-e3">
         <name>.debug_info</name>
         <load_address>0x296d</load_address>
         <run_address>0x296d</run_address>
         <size>0x1b6</size>
         <input_file_ref idref="fl-4"/>
      </object_component>
      <object_component id="oc-b9">
         <name>.debug_info</name>
         <load_address>0x2b23</load_address>
         <run_address>0x2b23</run_address>
         <size>0x14e</size>
         <input_file_ref idref="fl-4"/>
      </object_component>
      <object_component id="oc-b4">
         <name>.debug_info</name>
         <load_address>0x2c71</load_address>
         <run_address>0x2c71</run_address>
         <size>0x15f</size>
         <input_file_ref idref="fl-4"/>
      </object_component>
      <object_component id="oc-d7">
         <name>.debug_info</name>
         <load_address>0x2dd0</load_address>
         <run_address>0x2dd0</run_address>
         <size>0x36c</size>
         <input_file_ref idref="fl-4"/>
      </object_component>
      <object_component id="oc-d1">
         <name>.debug_info</name>
         <load_address>0x313c</load_address>
         <run_address>0x313c</run_address>
         <size>0x141</size>
         <input_file_ref idref="fl-4"/>
      </object_component>
      <object_component id="oc-cb">
         <name>.debug_info</name>
         <load_address>0x327d</load_address>
         <run_address>0x327d</run_address>
         <size>0x134</size>
         <input_file_ref idref="fl-4"/>
      </object_component>
      <object_component id="oc-e9">
         <name>.debug_info</name>
         <load_address>0x33b1</load_address>
         <run_address>0x33b1</run_address>
         <size>0x146</size>
         <input_file_ref idref="fl-5"/>
      </object_component>
      <object_component id="oc-129">
         <name>.debug_info</name>
         <load_address>0x34f7</load_address>
         <run_address>0x34f7</run_address>
         <size>0xe6</size>
         <input_file_ref idref="fl-5"/>
      </object_component>
      <object_component id="oc-207">
         <name>.debug_info</name>
         <load_address>0x35dd</load_address>
         <run_address>0x35dd</run_address>
         <size>0xe6</size>
         <input_file_ref idref="fl-5"/>
      </object_component>
      <object_component id="oc-225">
         <name>.debug_info</name>
         <load_address>0x36c3</load_address>
         <run_address>0x36c3</run_address>
         <size>0x118</size>
         <input_file_ref idref="fl-5"/>
      </object_component>
      <object_component id="oc-14c">
         <name>.debug_info</name>
         <load_address>0x37db</load_address>
         <run_address>0x37db</run_address>
         <size>0x137</size>
         <input_file_ref idref="fl-5"/>
      </object_component>
      <object_component id="oc-13f">
         <name>.debug_info</name>
         <load_address>0x3912</load_address>
         <run_address>0x3912</run_address>
         <size>0xff</size>
         <input_file_ref idref="fl-5"/>
      </object_component>
      <object_component id="oc-a1">
         <name>.debug_info</name>
         <load_address>0x3a11</load_address>
         <run_address>0x3a11</run_address>
         <size>0x10e</size>
         <input_file_ref idref="fl-5"/>
      </object_component>
      <object_component id="oc-9b">
         <name>.debug_info</name>
         <load_address>0x3b1f</load_address>
         <run_address>0x3b1f</run_address>
         <size>0x14e</size>
         <input_file_ref idref="fl-5"/>
      </object_component>
      <object_component id="oc-95">
         <name>.debug_info</name>
         <load_address>0x3c6d</load_address>
         <run_address>0x3c6d</run_address>
         <size>0x103</size>
         <input_file_ref idref="fl-5"/>
      </object_component>
      <object_component id="oc-12c">
         <name>.debug_info</name>
         <load_address>0x3d70</load_address>
         <run_address>0x3d70</run_address>
         <size>0x103</size>
         <input_file_ref idref="fl-5"/>
      </object_component>
      <object_component id="oc-4a">
         <name>.debug_info</name>
         <load_address>0x3e73</load_address>
         <run_address>0x3e73</run_address>
         <size>0x24a</size>
         <input_file_ref idref="fl-5"/>
      </object_component>
      <object_component id="oc-50">
         <name>.debug_info</name>
         <load_address>0x40bd</load_address>
         <run_address>0x40bd</run_address>
         <size>0x142</size>
         <input_file_ref idref="fl-5"/>
      </object_component>
      <object_component id="oc-294">
         <name>.debug_info</name>
         <load_address>0x41ff</load_address>
         <run_address>0x41ff</run_address>
         <size>0x6c6</size>
         <input_file_ref idref="fl-6"/>
      </object_component>
      <object_component id="oc-29d">
         <name>.debug_info</name>
         <load_address>0x48c5</load_address>
         <run_address>0x48c5</run_address>
         <size>0x10a</size>
         <input_file_ref idref="fl-6"/>
      </object_component>
      <object_component id="oc-261">
         <name>.debug_info</name>
         <load_address>0x49cf</load_address>
         <run_address>0x49cf</run_address>
         <size>0x112</size>
         <input_file_ref idref="fl-6"/>
      </object_component>
      <object_component id="oc-330">
         <name>.debug_info</name>
         <load_address>0x4ae1</load_address>
         <run_address>0x4ae1</run_address>
         <size>0x112</size>
         <input_file_ref idref="fl-6"/>
      </object_component>
      <object_component id="oc-2a3">
         <name>.debug_info</name>
         <load_address>0x4bf3</load_address>
         <run_address>0x4bf3</run_address>
         <size>0x112</size>
         <input_file_ref idref="fl-6"/>
      </object_component>
      <object_component id="oc-335">
         <name>.debug_info</name>
         <load_address>0x4d05</load_address>
         <run_address>0x4d05</run_address>
         <size>0x114</size>
         <input_file_ref idref="fl-6"/>
      </object_component>
      <object_component id="oc-25b">
         <name>.debug_info</name>
         <load_address>0x4e19</load_address>
         <run_address>0x4e19</run_address>
         <size>0x10c</size>
         <input_file_ref idref="fl-6"/>
      </object_component>
      <object_component id="oc-2a0">
         <name>.debug_info</name>
         <load_address>0x4f25</load_address>
         <run_address>0x4f25</run_address>
         <size>0x110</size>
         <input_file_ref idref="fl-6"/>
      </object_component>
      <object_component id="oc-25e">
         <name>.debug_info</name>
         <load_address>0x5035</load_address>
         <run_address>0x5035</run_address>
         <size>0x10e</size>
         <input_file_ref idref="fl-6"/>
      </object_component>
      <object_component id="oc-297">
         <name>.debug_info</name>
         <load_address>0x5143</load_address>
         <run_address>0x5143</run_address>
         <size>0x13e</size>
         <input_file_ref idref="fl-6"/>
      </object_component>
      <object_component id="oc-27c">
         <name>.debug_info</name>
         <load_address>0x5281</load_address>
         <run_address>0x5281</run_address>
         <size>0x138</size>
         <input_file_ref idref="fl-6"/>
      </object_component>
      <object_component id="oc-288">
         <name>.debug_info</name>
         <load_address>0x53b9</load_address>
         <run_address>0x53b9</run_address>
         <size>0x13c</size>
         <input_file_ref idref="fl-6"/>
      </object_component>
      <object_component id="oc-270">
         <name>.debug_info</name>
         <load_address>0x54f5</load_address>
         <run_address>0x54f5</run_address>
         <size>0x13c</size>
         <input_file_ref idref="fl-6"/>
      </object_component>
      <object_component id="oc-282">
         <name>.debug_info</name>
         <load_address>0x5631</load_address>
         <run_address>0x5631</run_address>
         <size>0x13c</size>
         <input_file_ref idref="fl-6"/>
      </object_component>
      <object_component id="oc-264">
         <name>.debug_info</name>
         <load_address>0x576d</load_address>
         <run_address>0x576d</run_address>
         <size>0x26e</size>
         <input_file_ref idref="fl-6"/>
      </object_component>
      <object_component id="oc-3cf">
         <name>.debug_info</name>
         <load_address>0x59db</load_address>
         <run_address>0x59db</run_address>
         <size>0x172</size>
         <input_file_ref idref="fl-6"/>
      </object_component>
      <object_component id="oc-3c8">
         <name>.debug_info</name>
         <load_address>0x5b4d</load_address>
         <run_address>0x5b4d</run_address>
         <size>0x180</size>
         <input_file_ref idref="fl-6"/>
      </object_component>
      <object_component id="oc-3d6">
         <name>.debug_info</name>
         <load_address>0x5ccd</load_address>
         <run_address>0x5ccd</run_address>
         <size>0x159</size>
         <input_file_ref idref="fl-6"/>
      </object_component>
      <object_component id="oc-3b8">
         <name>.debug_info</name>
         <load_address>0x5e26</load_address>
         <run_address>0x5e26</run_address>
         <size>0x172</size>
         <input_file_ref idref="fl-6"/>
      </object_component>
      <object_component id="oc-39b">
         <name>.debug_info</name>
         <load_address>0x5f98</load_address>
         <run_address>0x5f98</run_address>
         <size>0x180</size>
         <input_file_ref idref="fl-6"/>
      </object_component>
      <object_component id="oc-339">
         <name>.debug_info</name>
         <load_address>0x6118</load_address>
         <run_address>0x6118</run_address>
         <size>0x170</size>
         <input_file_ref idref="fl-6"/>
      </object_component>
      <object_component id="oc-26a">
         <name>.debug_info</name>
         <load_address>0x6288</load_address>
         <run_address>0x6288</run_address>
         <size>0x154</size>
         <input_file_ref idref="fl-6"/>
      </object_component>
      <object_component id="oc-276">
         <name>.debug_info</name>
         <load_address>0x63dc</load_address>
         <run_address>0x63dc</run_address>
         <size>0x16f</size>
         <input_file_ref idref="fl-6"/>
      </object_component>
      <object_component id="oc-28e">
         <name>.debug_info</name>
         <load_address>0x654b</load_address>
         <run_address>0x654b</run_address>
         <size>0x1c6</size>
         <input_file_ref idref="fl-6"/>
      </object_component>
      <object_component id="oc-3dd">
         <name>.debug_info</name>
         <load_address>0x6711</load_address>
         <run_address>0x6711</run_address>
         <size>0x14b</size>
         <input_file_ref idref="fl-6"/>
      </object_component>
      <object_component id="oc-20c">
         <name>.debug_info</name>
         <load_address>0x685c</load_address>
         <run_address>0x685c</run_address>
         <size>0x173</size>
         <input_file_ref idref="fl-6"/>
      </object_component>
      <object_component id="oc-1a2">
         <name>.debug_info</name>
         <load_address>0x69cf</load_address>
         <run_address>0x69cf</run_address>
         <size>0x4ec</size>
         <input_file_ref idref="fl-6"/>
      </object_component>
      <object_component id="oc-1f9">
         <name>.debug_info</name>
         <load_address>0x6ebb</load_address>
         <run_address>0x6ebb</run_address>
         <size>0x162</size>
         <input_file_ref idref="fl-7"/>
      </object_component>
      <object_component id="oc-116">
         <name>.debug_info</name>
         <load_address>0x701d</load_address>
         <run_address>0x701d</run_address>
         <size>0x118</size>
         <input_file_ref idref="fl-7"/>
      </object_component>
      <object_component id="oc-1f6">
         <name>.debug_info</name>
         <load_address>0x7135</load_address>
         <run_address>0x7135</run_address>
         <size>0x130</size>
         <input_file_ref idref="fl-7"/>
      </object_component>
      <object_component id="oc-112">
         <name>.debug_info</name>
         <load_address>0x7265</load_address>
         <run_address>0x7265</run_address>
         <size>0x174</size>
         <input_file_ref idref="fl-7"/>
      </object_component>
      <object_component id="oc-32">
         <name>.debug_info</name>
         <load_address>0x73d9</load_address>
         <run_address>0x73d9</run_address>
         <size>0x10c</size>
         <input_file_ref idref="fl-8"/>
      </object_component>
      <object_component id="oc-84">
         <name>.debug_info</name>
         <load_address>0x74e5</load_address>
         <run_address>0x74e5</run_address>
         <size>0x10d</size>
         <input_file_ref idref="fl-8"/>
      </object_component>
      <object_component id="oc-230">
         <name>.debug_info</name>
         <load_address>0x75f2</load_address>
         <run_address>0x75f2</run_address>
         <size>0x20a</size>
         <input_file_ref idref="fl-23"/>
      </object_component>
      <object_component id="oc-16d">
         <name>.debug_info</name>
         <load_address>0x77fc</load_address>
         <run_address>0x77fc</run_address>
         <size>0x246</size>
         <input_file_ref idref="fl-23"/>
      </object_component>
      <object_component id="oc-1ac">
         <name>.debug_info</name>
         <load_address>0x7a42</load_address>
         <run_address>0x7a42</run_address>
         <size>0x267</size>
         <input_file_ref idref="fl-24"/>
      </object_component>
      <object_component id="oc-123">
         <name>.debug_info</name>
         <load_address>0x7ca9</load_address>
         <run_address>0x7ca9</run_address>
         <size>0x206</size>
         <input_file_ref idref="fl-25"/>
      </object_component>
      <object_component id="oc-1ee">
         <name>.debug_info</name>
         <load_address>0x7eaf</load_address>
         <run_address>0x7eaf</run_address>
         <size>0x229</size>
         <input_file_ref idref="fl-26"/>
      </object_component>
      <object_component id="oc-17e">
         <name>.debug_info</name>
         <load_address>0x80d8</load_address>
         <run_address>0x80d8</run_address>
         <size>0x210</size>
         <input_file_ref idref="fl-27"/>
      </object_component>
      <object_component id="oc-182">
         <name>.debug_info</name>
         <load_address>0x82e8</load_address>
         <run_address>0x82e8</run_address>
         <size>0x1da</size>
         <input_file_ref idref="fl-27"/>
      </object_component>
      <object_component id="oc-1b1">
         <name>.debug_info</name>
         <load_address>0x84c2</load_address>
         <run_address>0x84c2</run_address>
         <size>0x21e</size>
         <input_file_ref idref="fl-27"/>
      </object_component>
      <object_component id="oc-176">
         <name>.debug_info</name>
         <load_address>0x86e0</load_address>
         <run_address>0x86e0</run_address>
         <size>0x221</size>
         <input_file_ref idref="fl-27"/>
      </object_component>
      <object_component id="oc-5c">
         <name>.debug_info</name>
         <load_address>0x8901</load_address>
         <run_address>0x8901</run_address>
         <size>0x1b4</size>
         <input_file_ref idref="fl-28"/>
      </object_component>
      <object_component id="oc-59">
         <name>.debug_info</name>
         <load_address>0x8ab5</load_address>
         <run_address>0x8ab5</run_address>
         <size>0x1ca</size>
         <input_file_ref idref="fl-28"/>
      </object_component>
      <object_component id="oc-11d">
         <name>.debug_info</name>
         <load_address>0x8c7f</load_address>
         <run_address>0x8c7f</run_address>
         <size>0x1be</size>
         <input_file_ref idref="fl-28"/>
      </object_component>
      <object_component id="oc-63">
         <name>.debug_info</name>
         <load_address>0x8e3d</load_address>
         <run_address>0x8e3d</run_address>
         <size>0x1ce</size>
         <input_file_ref idref="fl-28"/>
      </object_component>
      <object_component id="oc-df">
         <name>.debug_info</name>
         <load_address>0x900b</load_address>
         <run_address>0x900b</run_address>
         <size>0x206</size>
         <input_file_ref idref="fl-28"/>
      </object_component>
      <object_component id="oc-69">
         <name>.debug_info</name>
         <load_address>0x9211</load_address>
         <run_address>0x9211</run_address>
         <size>0x1bc</size>
         <input_file_ref idref="fl-28"/>
      </object_component>
      <object_component id="oc-24c">
         <name>.debug_info</name>
         <load_address>0x93cd</load_address>
         <run_address>0x93cd</run_address>
         <size>0x20f</size>
         <input_file_ref idref="fl-29"/>
      </object_component>
      <object_component id="oc-250">
         <name>.debug_info</name>
         <load_address>0x95dc</load_address>
         <run_address>0x95dc</run_address>
         <size>0x1f9</size>
         <input_file_ref idref="fl-29"/>
      </object_component>
      <object_component id="oc-258">
         <name>.debug_info</name>
         <load_address>0x97d5</load_address>
         <run_address>0x97d5</run_address>
         <size>0x205</size>
         <input_file_ref idref="fl-29"/>
      </object_component>
      <object_component id="oc-3b2">
         <name>.debug_info</name>
         <load_address>0x99da</load_address>
         <run_address>0x99da</run_address>
         <size>0x211</size>
         <input_file_ref idref="fl-2a"/>
      </object_component>
      <object_component id="oc-37b">
         <name>.debug_info</name>
         <load_address>0x9beb</load_address>
         <run_address>0x9beb</run_address>
         <size>0x1f6</size>
         <input_file_ref idref="fl-2a"/>
      </object_component>
      <object_component id="oc-382">
         <name>.debug_info</name>
         <load_address>0x9de1</load_address>
         <run_address>0x9de1</run_address>
         <size>0x20f</size>
         <input_file_ref idref="fl-2a"/>
      </object_component>
      <object_component id="oc-2ec">
         <name>.debug_info</name>
         <load_address>0x9ff0</load_address>
         <run_address>0x9ff0</run_address>
         <size>0x20c</size>
         <input_file_ref idref="fl-2a"/>
      </object_component>
      <object_component id="oc-2f2">
         <name>.debug_info</name>
         <load_address>0xa1fc</load_address>
         <run_address>0xa1fc</run_address>
         <size>0x242</size>
         <input_file_ref idref="fl-2a"/>
      </object_component>
      <object_component id="oc-1e7">
         <name>.debug_info</name>
         <load_address>0xa43e</load_address>
         <run_address>0xa43e</run_address>
         <size>0x2ce</size>
         <input_file_ref idref="fl-2a"/>
      </object_component>
      <object_component id="oc-1bb">
         <name>.debug_info</name>
         <load_address>0xa70c</load_address>
         <run_address>0xa70c</run_address>
         <size>0x212</size>
         <input_file_ref idref="fl-2b"/>
      </object_component>
      <object_component id="oc-307">
         <name>.debug_info</name>
         <load_address>0xa91e</load_address>
         <run_address>0xa91e</run_address>
         <size>0x134</size>
         <input_file_ref idref="fl-2d"/>
      </object_component>
      <object_component id="oc-107">
         <name>.debug_info</name>
         <load_address>0xaa52</load_address>
         <run_address>0xaa52</run_address>
         <size>0x158</size>
         <input_file_ref idref="fl-3a"/>
      </object_component>
      <object_component id="oc-70">
         <name>.debug_info</name>
         <load_address>0xabaa</load_address>
         <run_address>0xabaa</run_address>
         <size>0x19b</size>
         <input_file_ref idref="fl-3c"/>
      </object_component>
      <object_component id="oc-1d0">
         <name>.debug_info</name>
         <load_address>0xad45</load_address>
         <run_address>0xad45</run_address>
         <size>0x14d</size>
         <input_file_ref idref="fl-3d"/>
      </object_component>
      <object_component id="oc-2b2">
         <name>.debug_info</name>
         <load_address>0xae92</load_address>
         <run_address>0xae92</run_address>
         <size>0x1bf</size>
         <input_file_ref idref="fl-3e"/>
      </object_component>
      <object_component id="oc-7b">
         <name>.debug_info</name>
         <load_address>0xb051</load_address>
         <run_address>0xb051</run_address>
         <size>0x1b6</size>
         <input_file_ref idref="fl-3f"/>
      </object_component>
      <object_component id="oc-2c">
         <name>.debug_info</name>
         <load_address>0xb207</load_address>
         <run_address>0xb207</run_address>
         <size>0x1b7</size>
         <input_file_ref idref="fl-40"/>
      </object_component>
      <object_component id="oc-25">
         <name>.debug_info</name>
         <load_address>0xb3be</load_address>
         <run_address>0xb3be</run_address>
         <size>0x219</size>
         <input_file_ref idref="fl-41"/>
      </object_component>
      <object_component id="oc-2e4">
         <name>.debug_info</name>
         <load_address>0xb5d7</load_address>
         <run_address>0xb5d7</run_address>
         <size>0x19e</size>
         <input_file_ref idref="fl-42"/>
      </object_component>
      <object_component id="oc-1e0">
         <name>.debug_info</name>
         <load_address>0xb775</load_address>
         <run_address>0xb775</run_address>
         <size>0x1a9</size>
         <input_file_ref idref="fl-42"/>
      </object_component>
      <object_component id="oc-2e7">
         <name>.debug_info</name>
         <load_address>0xb91e</load_address>
         <run_address>0xb91e</run_address>
         <size>0x107</size>
         <input_file_ref idref="fl-43"/>
      </object_component>
      <object_component id="oc-3a9">
         <name>.debug_info</name>
         <load_address>0xba25</load_address>
         <run_address>0xba25</run_address>
         <size>0x10b</size>
         <input_file_ref idref="fl-43"/>
      </object_component>
      <object_component id="oc-36f">
         <name>.debug_info</name>
         <load_address>0xbb30</load_address>
         <run_address>0xbb30</run_address>
         <size>0x203</size>
         <input_file_ref idref="fl-43"/>
      </object_component>
      <object_component id="oc-1d9">
         <name>.debug_info</name>
         <load_address>0xbd33</load_address>
         <run_address>0xbd33</run_address>
         <size>0x15d</size>
         <input_file_ref idref="fl-44"/>
      </object_component>
      <object_component id="oc-357">
         <name>.debug_info</name>
         <load_address>0xbe90</load_address>
         <run_address>0xbe90</run_address>
         <size>0x147</size>
         <input_file_ref idref="fl-47"/>
      </object_component>
      <object_component id="oc-421">
         <name>.debug_info</name>
         <load_address>0xbfd7</load_address>
         <run_address>0xbfd7</run_address>
         <size>0xab</size>
[...]
         <value>0xb18f</value>
         <object_component_ref idref="oc-293"/>
      </symbol>
      <symbol id="sm-2e2">
         <name>SFRA_GUI_memGetAmount</name>
         <value>0xb18d</value>
         <object_component_ref idref="oc-293"/>
      </symbol>
      <symbol id="sm-2e3">
         <name>SFRA_GUI_arrayGetList</name>
         <value>0xb1a2</value>
         <object_component_ref idref="oc-29f"/>
      </symbol>
      <symbol id="sm-2e4">
         <name>SFRA_GUI_echoSizeByte</name>
         <value>0x82e27</value>
         <object_component_ref idref="oc-3b7"/>
      </symbol>
      <symbol id="sm-2e5">
         <name>SFRA_GUI_setData32</name>
         <value>0x82d8b</value>
         <object_component_ref idref="oc-26f"/>
      </symbol>
      <symbol id="sm-2e6">
         <name>SFRA_GUI_dataOut32</name>
         <value>0xb196</value>
         <object_component_ref idref="oc-293"/>
      </symbol>
      <symbol id="sm-2e7">
         <name>SFRA_GUI_memGetAddress</name>
         <value>0xb19c</value>
         <object_component_ref idref="oc-293"/>
      </symbol>
      <symbol id="sm-2e8">
         <name>SFRA_GUI_getDataByte</name>
         <value>0x82f36</value>
         <object_component_ref idref="oc-3c7"/>
      </symbol>
      <symbol id="sm-2e9">
         <name>SFRA_GUI_dataOut16</name>
         <value>0xb189</value>
         <object_component_ref idref="oc-293"/>
      </symbol>
      <symbol id="sm-2ea">
         <name>SFRA_GUI_getSizeByte</name>
         <value>0x82f53</value>
         <object_component_ref idref="oc-39a"/>
      </symbol>
      <symbol id="sm-2eb">
         <name>SFRA_GUI_echoDataByte</name>
         <value>0x82f16</value>
         <object_component_ref idref="oc-3ce"/>
      </symbol>
      <symbol id="sm-2ec">
         <name>SFRA_GUI_packWord</name>
         <value>0x82fa9</value>
         <object_component_ref idref="oc-3d5"/>
      </symbol>
      <symbol id="sm-2ed">
         <name>SFRA_GUI_setText</name>
         <value>0x8311d</value>
         <object_component_ref idref="oc-27b"/>
      </symbol>
      <symbol id="sm-2ee">
         <name>SFRA_GUI_sweep_start</name>
         <value>0xb191</value>
         <object_component_ref idref="oc-293"/>
      </symbol>
      <symbol id="sm-2ef">
         <name>SFRA_GUI_setSlider</name>
         <value>0x8310c</value>
         <object_component_ref idref="oc-287"/>
      </symbol>
      <symbol id="sm-2f0">
         <name>SFRA_GUI_lifePulseTsk</name>
         <value>0x82a03</value>
         <object_component_ref idref="oc-275"/>
      </symbol>
      <symbol id="sm-2f1">
         <name>SFRA_GUI_rcvTskPtrShdw</name>
         <value>0xb18a</value>
         <object_component_ref idref="oc-293"/>
      </symbol>
      <symbol id="sm-2f2">
         <name>SFRA_GUI_numWords</name>
         <value>0xb187</value>
         <object_component_ref idref="oc-293"/>
      </symbol>
      <symbol id="sm-2f3">
         <name>SFRA_GUI_varSetSldrList</name>
         <value>0xb242</value>
         <object_component_ref idref="oc-334"/>
      </symbol>
      <symbol id="sm-2f4">
         <name>SFRA_GUI_spareTsk08</name>
         <value>0x82ffb</value>
         <object_component_ref idref="oc-296"/>
      </symbol>
      <symbol id="sm-2f5">
         <name>SFRA_GUI_wordsLeftToGet</name>
         <value>0xb188</value>
         <object_component_ref idref="oc-293"/>
      </symbol>
      <symbol id="sm-2f6">
         <name>SFRA_GUI_serialCommsTimer</name>
         <value>0xb181</value>
         <object_component_ref idref="oc-293"/>
      </symbol>
      <symbol id="sm-2f7">
         <name>SFRA_GUI_dataSetList</name>
         <value>0xb1e2</value>
         <object_component_ref idref="oc-25d"/>
      </symbol>
      <symbol id="sm-2f8">
         <name>SFRA_GUI_temp</name>
         <value>0xb1a0</value>
         <object_component_ref idref="oc-293"/>
      </symbol>
      <symbol id="sm-2f9">
         <name>SFRA_GUI_sci_base_addr</name>
         <value>0xb194</value>
         <object_component_ref idref="oc-293"/>
      </symbol>
      <symbol id="sm-2fa">
         <name>SFRA_GUI_varSetTxtList</name>
         <value>0xb262</value>
         <object_component_ref idref="oc-32f"/>
      </symbol>
      <symbol id="sm-2fb">
         <name>SFRA_GUI_memSetValue</name>
         <value>0xb19e</value>
         <object_component_ref idref="oc-293"/>
      </symbol>
      <symbol id="sm-2fc">
         <name>SFRA_GUI_memSetPtr</name>
         <value>0xb18e</value>
         <object_component_ref idref="oc-293"/>
      </symbol>
      <symbol id="sm-2fd">
         <name>SFRA_GUI_memGetPtr</name>
         <value>0xb18c</value>
         <object_component_ref idref="oc-293"/>
      </symbol>
      <symbol id="sm-2fe">
         <name>SFRA_GUI_taskDoneFlag</name>
         <value>0xb186</value>
         <object_component_ref idref="oc-293"/>
      </symbol>
      <symbol id="sm-2ff">
         <name>SFRA_GUI_cmdDispatcher</name>
         <value>0xb1c2</value>
         <object_component_ref idref="oc-260"/>
      </symbol>
      <symbol id="sm-300">
         <name>SFRA_GUI_getArray</name>
         <value>0x82000</value>
         <object_component_ref idref="oc-263"/>
      </symbol>
      <symbol id="sm-301">
         <name>SFRA_GUI_setButton</name>
         <value>0x830fb</value>
         <object_component_ref idref="oc-281"/>
      </symbol>
      <symbol id="sm-321">
         <name>Device_enableAllPeripherals</name>
         <value>0x822ca</value>
         <object_component_ref idref="oc-1f2"/>
      </symbol>
      <symbol id="sm-322">
         <name>Device_initGPIO</name>
         <value>0x8312e</value>
         <object_component_ref idref="oc-114"/>
      </symbol>
      <symbol id="sm-323">
         <name>WfrNum</name>
         <value>0xb134</value>
         <object_component_ref idref="oc-1f8"/>
      </symbol>
      <symbol id="sm-324">
         <name>yCoord</name>
         <value>0xb132</value>
         <object_component_ref idref="oc-1f8"/>
      </symbol>
      <symbol id="sm-325">
         <name>xCoord</name>
         <value>0xb130</value>
         <object_component_ref idref="oc-1f8"/>
      </symbol>
      <symbol id="sm-326">
         <name>Device_init</name>
         <value>0x829ae</value>
         <object_component_ref idref="oc-10e"/>
      </symbol>
      <symbol id="sm-327">
         <name>dieid</name>
         <value>0xb12c</value>
         <object_component_ref idref="oc-1f8"/>
      </symbol>
      <symbol id="sm-328">
         <name>Scribe</name>
         <value>0xb12e</value>
         <object_component_ref idref="oc-1f8"/>
      </symbol>
      <symbol id="sm-337">
         <name>code_start</name>
         <value>0x80000</value>
         <object_component_ref idref="oc-31"/>
      </symbol>
      <symbol id="sm-353">
         <name>SFRA_F32_runBackgroundTask</name>
         <value>0xc000</value>
         <object_component_ref idref="oc-20a"/>
      </symbol>
      <symbol id="sm-358">
         <name>__SFRA_F32_collect</name>
         <value>0xc3bc</value>
         <object_component_ref idref="oc-8d"/>
      </symbol>
      <symbol id="sm-373">
         <name>_SFRA_F32_state</name>
         <value>0xc44a</value>
         <object_component_ref idref="oc-10d"/>
      </symbol>
      <symbol id="sm-374">
         <name>SFRA_F32_updateInjectionAmplitude</name>
         <value>0xc1fa</value>
         <object_component_ref idref="oc-191"/>
      </symbol>
      <symbol id="sm-375">
         <name>SFRA_F32_resetFreqRespArray</name>
         <value>0xc202</value>
         <object_component_ref idref="oc-191"/>
      </symbol>
      <symbol id="sm-376">
         <name>_SFRA_F32_yCosSum</name>
         <value>0xc456</value>
         <object_component_ref idref="oc-10d"/>
      </symbol>
      <symbol id="sm-377">
         <name>_SFRA_F32_ySinSum</name>
         <value>0xc454</value>
         <object_component_ref idref="oc-10d"/>
      </symbol>
      <symbol id="sm-378">
         <name>_SFRA_F32_pointerStart</name>
         <value>0xc458</value>
         <object_component_ref idref="oc-10d"/>
      </symbol>
      <symbol id="sm-379">
         <name>_SFRA_F32_step</name>
         <value>0xc460</value>
         <object_component_ref idref="oc-10d"/>
      </symbol>
      <symbol id="sm-37a">
         <name>_SFRA_F32_preCount</name>
         <value>0xc464</value>
         <object_component_ref idref="oc-10d"/>
      </symbol>
      <symbol id="sm-37b">
         <name>_SFRA_F32_scalar</name>
         <value>0xc45e</value>
         <object_component_ref idref="oc-10d"/>
      </symbol>
      <symbol id="sm-37c">
         <name>_SFRA_F32_pointer</name>
         <value>0xc462</value>
         <object_component_ref idref="oc-10d"/>
      </symbol>
      <symbol id="sm-37d">
         <name>SFRA_F32_config</name>
         <value>0xc35e</value>
         <object_component_ref idref="oc-191"/>
      </symbol>
      <symbol id="sm-37e">
         <name>_SFRA_F32_reference</name>
         <value>0xc45a</value>
         <object_component_ref idref="oc-10d"/>
      </symbol>
      <symbol id="sm-37f">
         <name>_SFRA_F32_windowSamples</name>
         <value>0xc468</value>
         <object_component_ref idref="oc-10d"/>
      </symbol>
      <symbol id="sm-380">
         <name>_SFRA_F32_amplitude</name>
         <value>0xc45c</value>
         <object_component_ref idref="oc-10d"/>
      </symbol>
      <symbol id="sm-381">
         <name>SFRA_F32_initFreqArrayWithLogSteps</name>
         <value>0xc334</value>
         <object_component_ref idref="oc-191"/>
      </symbol>
      <symbol id="sm-382">
         <name>SFRA_F32_reset</name>
         <value>0xc30b</value>
         <object_component_ref idref="oc-191"/>
      </symbol>
      <symbol id="sm-383">
         <name>_SFRA_F32_uCosSum</name>
         <value>0xc452</value>
         <object_component_ref idref="oc-10d"/>
      </symbol>
      <symbol id="sm-384">
         <name>_SFRA_F32_uSinSum</name>
         <value>0xc450</value>
         <object_component_ref idref="oc-10d"/>
      </symbol>
      <symbol id="sm-385">
         <name>_SFRA_F32_rCosSum</name>
         <value>0xc44e</value>
         <object_component_ref idref="oc-10d"/>
      </symbol>
      <symbol id="sm-386">
         <name>_SFRA_F32_rSinSum</name>
         <value>0xc44c</value>
         <object_component_ref idref="oc-10d"/>
      </symbol>
      <symbol id="sm-387">
         <name>_SFRA_F32_count</name>
         <value>0xc466</value>
         <object_component_ref idref="oc-10d"/>
      </symbol>
      <symbol id="sm-388">
         <name>_SFRA_F32_stateSlew</name>
         <value>0xc44b</value>
         <object_component_ref idref="oc-10d"/>
      </symbol>
      <symbol id="sm-389">
         <name>_SFRA_F32_angle</name>
         <value>0xc46a</value>
         <object_component_ref idref="oc-10d"/>
      </symbol>
      <symbol id="sm-38e">
         <name>__SFRA_F32_inject</name>
         <value>0xc423</value>
         <object_component_ref idref="oc-8c"/>
      </symbol>
      <symbol id="sm-3ab">
         <name>ADC_setOffsetTrimAll</name>
         <value>0x82fc5</value>
         <object_component_ref idref="oc-22f"/>
      </symbol>
      <symbol id="sm-3ac">
         <name>ADC_setVREF</name>
         <value>0x82bf4</value>
         <object_component_ref idref="oc-16c"/>
      </symbol>
      <symbol id="sm-3b9">
         <name>CMPSS_configFilterLow</name>
         <value>0x8301a</value>
         <object_component_ref idref="oc-1a9"/>
      </symbol>
      <symbol id="sm-3c6">
         <name>CPUTimer_setEmulationMode</name>
         <value>0x831d8</value>
         <object_component_ref idref="oc-120"/>
      </symbol>
      <symbol id="sm-3d3">
         <name>Flash_initModule</name>
         <value>0xc46c</value>
         <object_component_ref idref="oc-1ec"/>
      </symbol>
      <symbol id="sm-3fd">
         <name>GPIO_setQualificationMode</name>
         <value>0x82e93</value>
         <object_component_ref idref="oc-17b"/>
      </symbol>
      <symbol id="sm-3fe">
         <name>GPIO_setPadConfig</name>
         <value>0x82a93</value>
         <object_component_ref idref="oc-1b0"/>
      </symbol>
      <symbol id="sm-3ff">
         <name>GPIO_setDirectionMode</name>
         <value>0x82ed6</value>
         <object_component_ref idref="oc-175"/>
      </symbol>
      <symbol id="sm-400">
         <name>GPIO_setPinConfig</name>
         <value>0x82c24</value>
         <object_component_ref idref="oc-181"/>
      </symbol>
      <symbol id="sm-437">
         <name>Interrupt_defaultHandler</name>
         <value>0x8315a</value>
         <object_component_ref idref="oc-66"/>
      </symbol>
      <symbol id="sm-438">
         <name>Interrupt_initModule</name>
         <value>0x82a52</value>
         <object_component_ref idref="oc-11a"/>
      </symbol>
      <symbol id="sm-439">
         <name>Interrupt_nmiHandler</name>
         <value>0x8319c</value>
         <object_component_ref idref="oc-54"/>
      </symbol>
      <symbol id="sm-43a">
         <name>Interrupt_enable</name>
         <value>0x82bbe</value>
         <object_component_ref idref="oc-dc"/>
      </symbol>
      <symbol id="sm-43b">
         <name>Interrupt_initVectorTable</name>
         <value>0x830c0</value>
         <object_component_ref idref="oc-56"/>
      </symbol>
      <symbol id="sm-43c">
         <name>Interrupt_illegalOperationHandler</name>
         <value>0x83192</value>
         <object_component_ref idref="oc-60"/>
      </symbol>
      <symbol id="sm-460">
         <name>SCI_clearInterruptStatus</name>
         <value>0x82f8d</value>
         <object_component_ref idref="oc-254"/>
      </symbol>
      <symbol id="sm-461">
         <name>SCI_setConfig</name>
         <value>0x82e70</value>
         <object_component_ref idref="oc-248"/>
      </symbol>
      <symbol id="sm-462">
         <name>SCI_enableInterrupt</name>
         <value>0x83000</value>
         <object_component_ref idref="oc-24e"/>
      </symbol>
      <symbol id="sm-4ba">
         <name>SysCtl_isPLLValid</name>
         <value>0x8244f</value>
         <object_component_ref idref="oc-2f1"/>
      </symbol>
      <symbol id="sm-4bb">
         <name>SysCtl_delay</name>
         <value>0xc4b1</value>
         <object_component_ref idref="oc-172"/>
      </symbol>
      <symbol id="sm-4bc">
         <name>SysCtl_selectXTALSingleEnded</name>
         <value>0x82eb5</value>
         <object_component_ref idref="oc-37a"/>
      </symbol>
      <symbol id="sm-4bd">
         <name>SysCtl_selectXTAL</name>
         <value>0x82ad2</value>
         <object_component_ref idref="oc-380"/>
      </symbol>
      <symbol id="sm-4be">
         <name>SysCtl_selectOscSource</name>
         <value>0x82cb4</value>
         <object_component_ref idref="oc-2eb"/>
      </symbol>
      <symbol id="sm-4bf">
         <name>SysCtl_setClock</name>
         <value>0x82506</value>
         <object_component_ref idref="oc-1e6"/>
      </symbol>
      <symbol id="sm-4cc">
         <name>XBAR_setEPWMMuxConfig</name>
         <value>0x82d0c</value>
         <object_component_ref idref="oc-1b8"/>
      </symbol>
      <symbol id="sm-4d5">
         <name>logf</name>
         <value>0x82b4f</value>
         <object_component_ref idref="oc-306"/>
      </symbol>
      <symbol id="sm-4d8">
         <name>FPU32LOG_TABLE_MASK1</name>
         <value>0x9f006</value>
         <object_component_ref idref="oc-38e"/>
      </symbol>
      <symbol id="sm-4d9">
         <name>FPU32LOG_TABLE_MASK2</name>
         <value>0x9f008</value>
         <object_component_ref idref="oc-38e"/>
      </symbol>
      <symbol id="sm-4da">
         <name>FPU32INVLOG10</name>
         <value>0x9f002</value>
         <object_component_ref idref="oc-38e"/>
      </symbol>
      <symbol id="sm-4db">
         <name>FPU32EXPBIAS</name>
         <value>0x9f004</value>
         <object_component_ref idref="oc-38e"/>
      </symbol>
      <symbol id="sm-4dc">
         <name>FPU32LOG2</name>
         <value>0x9f000</value>
         <object_component_ref idref="oc-38e"/>
      </symbol>
      <symbol id="sm-4dd">
         <name>FPU32logTable</name>
         <value>0x9f00a</value>
         <object_component_ref idref="oc-38e"/>
      </symbol>
      <symbol id="sm-4de">
         <name>FPU32logTableEnd</name>
         <value>0x9f0d0</value>
         <object_component_ref idref="oc-38e"/>
      </symbol>
      <symbol id="sm-4e8">
         <name>_c_int00</name>
         <value>0x83093</value>
         <object_component_ref idref="oc-104"/>
      </symbol>
      <symbol id="sm-4e9">
         <name>__stack</name>
         <value>0x400</value>
         <object_component_ref idref="oc-6c"/>
      </symbol>
      <symbol id="sm-4fc">
         <name>memcpy</name>
         <value>0x82f70</value>
         <object_component_ref idref="oc-6f"/>
      </symbol>
      <symbol id="sm-509">
         <name>_system_pre_init</name>
         <value>0x831e4</value>
         <object_component_ref idref="oc-1cf"/>
      </symbol>
      <symbol id="sm-518">
         <name>__TI_auto_init_nobinit_nopinit</name>
         <value>0x82d37</value>
         <object_component_ref idref="oc-2b1"/>
      </symbol>
      <symbol id="sm-527">
         <name>__TI_zero_init_nomemset</name>
         <value>0x8314d</value>
         <object_component_ref idref="oc-77"/>
      </symbol>
      <symbol id="sm-534">
         <name>__TI_decompress_none</name>
         <value>0x831c8</value>
         <object_component_ref idref="oc-2a"/>
      </symbol>
      <symbol id="sm-548">
         <name>__TI_decompress_lzss</name>
         <value>0x82c84</value>
         <object_component_ref idref="oc-24"/>
      </symbol>
      <symbol id="sm-55e">
         <name>C$$EXIT</name>
         <value>0x82db4</value>
         <object_component_ref idref="oc-1dc"/>
      </symbol>
      <symbol id="sm-55f">
         <name>abort</name>
         <value>0x82db4</value>
         <object_component_ref idref="oc-1dc"/>
      </symbol>
      <symbol id="sm-560">
         <name>exit</name>
         <value>0x82db6</value>
         <object_component_ref idref="oc-1dc"/>
      </symbol>
      <symbol id="sm-561">
         <name>__TI_dtors_ptr</name>
         <value>0xb286</value>
         <object_component_ref idref="oc-2e3"/>
      </symbol>
      <symbol id="sm-562">
         <name>__TI_cleanup_ptr</name>
         <value>0xb284</value>
         <object_component_ref idref="oc-2e3"/>
      </symbol>
      <symbol id="sm-563">
         <name>__TI_enable_exit_profile_output</name>
         <value>0xb282</value>
         <object_component_ref idref="oc-2e3"/>
      </symbol>
      <symbol id="sm-57a">
         <name>_nop</name>
         <value>0x831b7</value>
         <object_component_ref idref="oc-36e"/>
      </symbol>
      <symbol id="sm-57b">
         <name>_lock</name>
         <value>0xb28c</value>
         <object_component_ref idref="oc-2e6"/>
      </symbol>
      <symbol id="sm-57c">
         <name>_unlock</name>
         <value>0xb28e</value>
         <object_component_ref idref="oc-3a8"/>
      </symbol>
      <symbol id="sm-57d">
         <name>_register_lock</name>
         <value>0x831b3</value>
         <object_component_ref idref="oc-36e"/>
      </symbol>
      <symbol id="sm-57e">
         <name>_register_unlock</name>
         <value>0x831af</value>
         <object_component_ref idref="oc-36e"/>
      </symbol>
      <symbol id="sm-58d">
         <name>_args_main</name>
         <value>0x83166</value>
         <object_component_ref idref="oc-1d6"/>
      </symbol>
      <symbol id="sm-59c">
         <name>_system_post_cinit</name>
         <value>0x831e6</value>
         <object_component_ref idref="oc-354"/>
      </symbol>
      <symbol id="sm-59e">
         <name>__c_args__</name>
         <value>0x0</value>
      </symbol>
   </symbol_table>
   <title>Link successful</title>
</link_info>
