TMS320C2000 Assembler PC v22.6.1 Tue Jul  2 19:04:16 2024

Copyright (c) 1996-2018 Texas Instruments Incorporated
../libraries/DCL/DCL_PI_C4.asm                                       PAGE    1

       1              ; DCL_PI_C4.asm - Parallel form PI controller
       2              ;
       3              ;;#############################################################################
       4              ;;!
       5              ;;! Copyright: Copyright (C) 2023 Texas Instruments Incorporated -
       6              ;;!     All rights reserved not granted herein.
       7              ;;!     Limited License.
       8              ;;!
       9              ;;! Texas Instruments Incorporated grants a world-wide, royalty-free,
      10              ;;! non-exclusive license under copyrights and patents it now or hereafter
      11              ;;! owns or controls to make, have made, use, import, offer to sell and sell
      12              ;;! ("Utilize") this software subject to the terms herein. With respect to the
      13              ;;! foregoing patent license, such license is granted solely to the extent that
      14              ;;! any such patent is necessary to Utilize the software alone. The patent
      15              ;;! license shall not apply to any combinations which include this software,
      16              ;;! other than combinations with devices manufactured by or for TI 
      17              ;;! ("TI Devices").
      18              ;;! No hardware patent is licensed hereunder.
      19              ;;!
      20              ;;! Redistributions must preserve existing copyright notices and reproduce this
      21              ;;! license (including the above copyright notice and the disclaimer and
      22              ;;! (if applicable) source code license limitations below) in the documentation
      23              ;;!  and/or other materials provided with the distribution.
      24              ;;!
      25              ;;! Redistribution and use in binary form, without modification, are permitted
      26              ;;! provided that the following conditions are met:
      27              ;;!
      28              ;;! * No reverse engineering, decompilation, or disassembly of this software is 
      29              ;;! permitted with respect to any software provided in binary form.
      30              ;;! * Any redistribution and use are licensed by TI for use only 
      31              ;;!   with TI Devices.
      32              ;;! * Nothing shall obligate TI to provide you with source code for the 
      33              ;;!   software licensed and provided to you in object code.
      34              ;;!
      35              ;;! If software source code is provided to you, modification and redistribution
      36              ;;! of the source code are permitted provided that the following conditions 
      37              ;;! are met:
      38              ;;!
      39              ;;! * any redistribution and use of the source code, including any resulting
      40              ;;!   derivative works, are licensed by TI for use only with TI Devices.
      41              ;;! * any redistribution and use of any object code compiled from the source
      42              ;;!   code and any resulting derivative works, are licensed by TI for use 
      43              ;;!   only with TI Devices.
      44              ;;!
      45              ;;! Neither the name of Texas Instruments Incorporated nor the names of its
      46              ;;! suppliers may be used to endorse or promote products derived from this 
      47              ;;! software without specific prior written permission.
      48              ;;#############################################################################
      49              
      50              
      51                        .if $defined(__TI_EABI__)
      52                              .if __TI_EABI__
      53                              .asg    DCL_runPI_C4, _DCL_runPI_C4
      54                              .endif
      55                    .endif
TMS320C2000 Assembler PC v22.6.1 Tue Jul  2 19:04:16 2024

Copyright (c) 1996-2018 Texas Instruments Incorporated
../libraries/DCL/DCL_PI_C4.asm                                       PAGE    2

      56              
      57                              .global _DCL_runPI_C4
      58              
      59 00000000                       .sect   "dclfuncs"
      60              
      61              ; C prototype: float DCL_runPI_C4(DCL_PI *p, float32_t rk, float32_t yk)
      62              ; argument 1 = *p : 32-bit PI structure address [XAR4]
      63              ; argument 2 = rk : 32-bit floating-point reference [R0H]
      64              ; argument 3 = yk : 32-bit floating-point feedback [R1H]
      65              ; return = uk : 32-bit floating-point [R0H]
      66              
      67                              .align  2
      68              
      69 00000000       _DCL_runPI_C4:
      70                              .asmfunc
      71 00000000 E322                  SUBF32          R2H, R0H, R1H           ; R2H = v1
         00000001 11C4 
      72              ||              MOV32           R1H, *XAR4                      ; R1H = Kpa
      73 00000002 28A0                  MOV                     AR0, #0xA                       ; AR0 = 10
         00000003 000A 
      74 00000004 E304                  MPYF32          R0H, R1H, R2H           ; R0H = v2
         00000005 41D4 
      75              ||              MOV32           R1H, *+XAR4[2]          ; R1H = Kia
      76 00000006 E2AF                  MOV32           R3H, *+XAR4[AR0]        ; R3H = i6
         00000007 0394 
      77 00000008 E700                  MPYF32          R2H, R1H, R2H           ; R2H = v3
         00000009 008A 
      78 0000000a E2AF                  MOV32           R1H, *+XAR4[4]          ; R1H = i10
         0000000b 01E4 
      79 0000000c E700                  MPYF32          R2H, R2H, R3H           ; R2H = v8
         0000000d 00D2 
      80 0000000e 7700                  NOP                                                             ; delay slot
      81 0000000f E710                  ADDF32          R3H, R1H, R2H           ; R3H = v4
         00000010 008B 
      82 00000011 28A0                  MOV                     AR0, #8                         ; AR0 = 8
         00000012 0008 
      83 00000013 E016                  ADDF32          R0H, R0H, R3H           ; R3H = v5
         00000014 03E4 
      84              ||              MOV32           *+XAR4[4], R3H          ; save i10
      85 00000015 E591                  ZERO            R1H                                     ; R1H = 0.0f
      86 00000016 E88F                  ADDF32          R2H, R1H, #1.0          ; R2H = 1.0f
         00000017 E00A 
      87 00000018 E2AF                  MOV32           R3H, *+XAR4[6]          ; R3H = Umaxa
         00000019 03F4 
      88 0000001a E69D                  MINF32          R0H, R3H                        ; R0H = sat+
         0000001b 0298 
      89              ||              MOV32           R2H, R1H                        ; R2H = v6
      90 0000001c E2AF                  MOV32           R3H, *+XAR4[AR0]        ; R3H = Umina
         0000001d 0394 
      91 0000001e E69C                  MAXF32          R0H, R3H                        ; R0H = uk
         0000001f 0298 
      92              ||              MOV32           R2H, R1H                        ; R2H = v6
      93 00000020 28A0                  MOV                     AR0, #0xA                       ; AR0 = 10
         00000021 000A 
      94 00000022 E203                  MOV32           *+XAR4[AR0], R2H        ; save i6
TMS320C2000 Assembler PC v22.6.1 Tue Jul  2 19:04:16 2024

Copyright (c) 1996-2018 Texas Instruments Incorporated
../libraries/DCL/DCL_PI_C4.asm                                       PAGE    3

         00000023 0294 
      95 00000024 0006                  LRETR                                                   ; return call
      96                              .endasmfunc
      97              
      98                              .end

No Assembly Errors, No Assembly Warnings
