TMS320C2000 Assembler PC v22.6.1 Tue Jul  2 19:04:16 2024

Copyright (c) 1996-2018 Texas Instruments Incorporated
../libraries/DCL/DCL_DF22_C1.asm                                     PAGE    1

       1              ; DCL_DF22_C1.asm - Full Direct Form 2 implementation in second order
       2              ;
       3              ;;#############################################################################
       4              ;;!
       5              ;;! Copyright: Copyright (C) 2023 Texas Instruments Incorporated -
       6              ;;!     All rights reserved not granted herein.
       7              ;;!     Limited License.
       8              ;;!
       9              ;;! Texas Instruments Incorporated grants a world-wide, royalty-free,
      10              ;;! non-exclusive license under copyrights and patents it now or hereafter
      11              ;;! owns or controls to make, have made, use, import, offer to sell and sell
      12              ;;! ("Utilize") this software subject to the terms herein. With respect to the
      13              ;;! foregoing patent license, such license is granted solely to the extent that
      14              ;;! any such patent is necessary to Utilize the software alone. The patent
      15              ;;! license shall not apply to any combinations which include this software,
      16              ;;! other than combinations with devices manufactured by or for TI 
      17              ;;! ("TI Devices").
      18              ;;! No hardware patent is licensed hereunder.
      19              ;;!
      20              ;;! Redistributions must preserve existing copyright notices and reproduce this
      21              ;;! license (including the above copyright notice and the disclaimer and
      22              ;;! (if applicable) source code license limitations below) in the documentation
      23              ;;!  and/or other materials provided with the distribution.
      24              ;;!
      25              ;;! Redistribution and use in binary form, without modification, are permitted
      26              ;;! provided that the following conditions are met:
      27              ;;!
      28              ;;! * No reverse engineering, decompilation, or disassembly of this software is 
      29              ;;! permitted with respect to any software provided in binary form.
      30              ;;! * Any redistribution and use are licensed by TI for use only 
      31              ;;!   with TI Devices.
      32              ;;! * Nothing shall obligate TI to provide you with source code for the 
      33              ;;!   software licensed and provided to you in object code.
      34              ;;!
      35              ;;! If software source code is provided to you, modification and redistribution
      36              ;;! of the source code are permitted provided that the following conditions 
      37              ;;! are met:
      38              ;;!
      39              ;;! * any redistribution and use of the source code, including any resulting
      40              ;;!   derivative works, are licensed by TI for use only with TI Devices.
      41              ;;! * any redistribution and use of any object code compiled from the source
      42              ;;!   code and any resulting derivative works, are licensed by TI for use 
      43              ;;!   only with TI Devices.
      44              ;;!
      45              ;;! Neither the name of Texas Instruments Incorporated nor the names of its
      46              ;;! suppliers may be used to endorse or promote products derived from this 
      47              ;;! software without specific prior written permission.
      48              ;;#############################################################################
      49              
      50              
      51                        .if $defined(__TI_EABI__)
      52                              .if __TI_EABI__
      53                              .asg    DCL_runDF22_C1, _DCL_runDF22_C1
      54                              .endif
      55                    .endif
TMS320C2000 Assembler PC v22.6.1 Tue Jul  2 19:04:16 2024

Copyright (c) 1996-2018 Texas Instruments Incorporated
../libraries/DCL/DCL_DF22_C1.asm                                     PAGE    2

      56              
      57        0000  FASTCR_DF22_C1  .set    0               ; set to 1 to enable shadowed context save/restore
      58              
      59                              .global _DCL_runDF22_C1
      60              
      61 00000000                       .sect   "dclfuncs"
      62              
      63              ; C prototype: float DCL_runDF22_C1(DCL_DF22 *p, float32_t ek)
      64              ; argument 1 = *p : 32-bit ARMA structure address [XAR4]
      65              ; argument 2 = ek : 32-bit floating-point input [R0H]
      66              ; return = uk : 32-bit floating-point [R0H]
      67              
      68                              .align  2
      69              
      70 00000000       _DCL_runDF22_C1:
      71                              .asmfunc
      72                      .if FASTCR_DF22_C1 = 0
      73 00000000 E203                  MOV32           *SP++, R4H
         00000001 04BD 
      74 00000002 E203                  MOV32           *SP++, R5H
         00000003 05BD 
      75 00000004 E203                  MOV32           *SP++, R6H
         00000005 06BD 
      76 00000006 E203                  MOV32           *SP++, R7H
         00000007 07BD 
      77                      .else
      78                              SAVE
      79                      .endif
      80 00000008 E2AF                  MOV32           R2H, *XAR4++                    ; R2H = b0
         00000009 0284 
      81 0000000a E300                  MPYF32          R3H, R2H, R0H                   ; R3H = v0 = b0 * ek
         0000000b 9C84 
      82              ||              MOV32           R4H, *XAR4++                    ; R4H = b1
      83 0000000c E301                  MPYF32          R5H, R4H, R0H                   ; R5H = v1 = b1 * ek
         0000000d 2E84 
      84              ||              MOV32           R6H, *XAR4++                    ; R6H = b2
      85 0000000e E301                  MPYF32          R4H, R6H, R0H                   ; R4H = v2 = b2 * ek
         0000000f A784 
      86              ||              MOV32           R7H, *XAR4++                    ; R7H = a1
      87 00000010 E2AF                  MOV32           R0H, *XAR4++                    ; R0H = a2
         00000011 0084 
      88 00000012 E2AF                  MOV32           R6H, *XAR4++                    ; R6H = x1
         00000013 0684 
      89 00000014 E31C                  ADDF32          R1H, R3H, R6H                   ; R1H = uk = v0 + x1
         00000015 CAC4 
      90              ||              MOV32           R2H, *XAR4                              ; R2H = x2
      91 00000016 E710                  ADDF32          R5H, R5H, R2H                   ; R5H = v1 + x2
         00000017 00AD 
      92 00000018 E700                  MPYF32          R6H, R7H, R1H                   ; R6H = v3 = a1 * uk
         00000019 007E 
      93 0000001a E700                  MPYF32          R7H, R0H, R1H                   ; R7H = v4 = a2 * uk
         0000001b 0047 
      94 0000001c E720                  SUBF32          R5H, R5H, R6H                   ; R5H = x1d = v1 + x2 - v3
         0000001d 01AD 
      95 0000001e E720                  SUBF32          R6H, R4H, R7H                   ; R6H = x2d = v2 - v4
TMS320C2000 Assembler PC v22.6.1 Tue Jul  2 19:04:16 2024

Copyright (c) 1996-2018 Texas Instruments Incorporated
../libraries/DCL/DCL_DF22_C1.asm                                     PAGE    3

         0000001f 01E6 
      96 00000020 E6CE                  MOV32           R0H, R1H, UNC                   ; return uk
         00000021 0008 
      97 00000022 E203                  MOV32           *XAR4, R6H                              ; save x2
         00000023 06C4 
      98 00000024 E203                  MOV32           *--XAR4, R5H                    ; save x1
         00000025 058C 
      99                      .if FASTCR_DF22_C1 = 0
     100 00000026 E2AE              MOV32       R7H, *--SP, UNC
         00000027 07BE 
     101 00000028 E2AE              MOV32       R6H, *--SP, UNC
         00000029 06BE 
     102 0000002a E2AE                  MOV32           R5H, *--SP, UNC
         0000002b 05BE 
     103 0000002c E2AE              MOV32       R4H, *--SP, UNC
         0000002d 04BE 
     104                      .else
     105                              RESTORE
     106                      .endif
     107 0000002e 0006                  LRETR
     108                              .endasmfunc
     109              
     110                              .end

No Assembly Errors, No Assembly Warnings
